Archive member included to satisfy reference by file (symbol)

/home/optee/RPi3/optee_os/out/arm/export-ta_arm64/lib/libutee.a(user_ta_entry.o)
                              ./user_ta_header.o (__utee_entry)
/home/optee/RPi3/optee_os/out/arm/export-ta_arm64/lib/libutee.a(utee_syscalls_a64.o)
                              /home/optee/RPi3/optee_os/out/arm/export-ta_arm64/lib/libutee.a(user_ta_entry.o) (utee_return)
/home/optee/RPi3/optee_os/out/arm/export-ta_arm64/lib/libutee.a(tee_api_arith.o)
                              /home/optee/RPi3/optee_os/out/arm/export-ta_arm64/lib/libutee.a(user_ta_entry.o) (_TEE_MathAPI_Init)
/home/optee/RPi3/optee_os/out/arm/export-ta_arm64/lib/libutee.a(tee_api.o)
                              /home/optee/RPi3/optee_os/out/arm/export-ta_arm64/lib/libutee.a(user_ta_entry.o) (__utee_from_param)
/home/optee/RPi3/optee_os/out/arm/export-ta_arm64/lib/libutee.a(tee_api_panic.o)
                              /home/optee/RPi3/optee_os/out/arm/export-ta_arm64/lib/libutee.a(user_ta_entry.o) (__TEE_Panic)
/home/optee/RPi3/optee_os/out/arm/export-ta_arm64/lib/libutee.a(utee_misc.o)
                              /home/optee/RPi3/optee_os/out/arm/export-ta_arm64/lib/libutee.a(tee_api_arith.o) (get_rng_array)
/home/optee/RPi3/optee_os/out/arm/export-ta_arm64/lib/libutee.a(tee_user_mem.o)
                              /home/optee/RPi3/optee_os/out/arm/export-ta_arm64/lib/libutee.a(tee_api.o) (tee_user_mem_alloc)
/home/optee/RPi3/optee_os/out/arm/export-ta_arm64/lib/libutee.a(trace_ext.o)
                              /home/optee/RPi3/optee_os/out/arm/export-ta_arm64/lib/libutee.a(tee_api_arith.o) (printf)
/home/optee/RPi3/optee_os/out/arm/export-ta_arm64/lib/libutee.a(assert.o)
                              /home/optee/RPi3/optee_os/out/arm/export-ta_arm64/lib/libutee.a(tee_user_mem.o) (_assert_log)
/home/optee/RPi3/optee_os/out/arm/export-ta_arm64/lib/libutils.a(bget_malloc.o)
                              /home/optee/RPi3/optee_os/out/arm/export-ta_arm64/lib/libutee.a(utee_misc.o) (malloc)
/home/optee/RPi3/optee_os/out/arm/export-ta_arm64/lib/libutils.a(snprintf.o)
                              /home/optee/RPi3/optee_os/out/arm/export-ta_arm64/lib/libutee.a(trace_ext.o) (vsnprintf)
/home/optee/RPi3/optee_os/out/arm/export-ta_arm64/lib/libutils.a(memcmp.o)
                              /home/optee/RPi3/optee_os/out/arm/export-ta_arm64/lib/libutee.a(tee_api.o) (memcmp)
/home/optee/RPi3/optee_os/out/arm/export-ta_arm64/lib/libutils.a(memcpy.o)
                              /home/optee/RPi3/optee_os/out/arm/export-ta_arm64/lib/libutee.a(user_ta_entry.o) (memcpy)
/home/optee/RPi3/optee_os/out/arm/export-ta_arm64/lib/libutils.a(memmove.o)
                              /home/optee/RPi3/optee_os/out/arm/export-ta_arm64/lib/libutee.a(tee_api.o) (memmove)
/home/optee/RPi3/optee_os/out/arm/export-ta_arm64/lib/libutils.a(memset.o)
                              /home/optee/RPi3/optee_os/out/arm/export-ta_arm64/lib/libutee.a(user_ta_entry.o) (memset)
/home/optee/RPi3/optee_os/out/arm/export-ta_arm64/lib/libutils.a(strlen.o)
                              /home/optee/RPi3/optee_os/out/arm/export-ta_arm64/lib/libutee.a(trace_ext.o) (strlen)
/home/optee/RPi3/optee_os/out/arm/export-ta_arm64/lib/libutils.a(snprintk.o)
                              /home/optee/RPi3/optee_os/out/arm/export-ta_arm64/lib/libutils.a(snprintf.o) (__vsnprintf)
/home/optee/RPi3/optee_os/out/arm/export-ta_arm64/lib/libutils.a(strlcpy.o)
                              /home/optee/RPi3/optee_os/out/arm/export-ta_arm64/lib/libutee.a(trace_ext.o) (strlcpy)
/home/optee/RPi3/optee_os/out/arm/export-ta_arm64/lib/libutils.a(trace.o)
                              /home/optee/RPi3/optee_os/out/arm/export-ta_arm64/lib/libutee.a(user_ta_entry.o) (trace_set_level)
/home/optee/RPi3/optee_os/out/arm/export-ta_arm64/lib/libutils.a(memchr.o)
                              /home/optee/RPi3/optee_os/out/arm/export-ta_arm64/lib/libutils.a(snprintk.o) (memchr)
/home/optee/RPi3/optee_os/out/arm/export-ta_arm64/lib/libmpa.a(mpa_misc.o)
                              /home/optee/RPi3/optee_os/out/arm/export-ta_arm64/lib/libutee.a(tee_api_arith.o) (mpa_copy)
/home/optee/RPi3/optee_os/out/arm/export-ta_arm64/lib/libmpa.a(mpa_montgomery.o)
                              /home/optee/RPi3/optee_os/out/arm/export-ta_arm64/lib/libutee.a(tee_api_arith.o) (mpa_compute_fmm_context)
/home/optee/RPi3/optee_os/out/arm/export-ta_arm64/lib/libmpa.a(mpa_primetest.o)
                              /home/optee/RPi3/optee_os/out/arm/export-ta_arm64/lib/libutee.a(tee_api_arith.o) (mpa_is_prob_prime)
/home/optee/RPi3/optee_os/out/arm/export-ta_arm64/lib/libmpa.a(mpa_conv.o)
                              /home/optee/RPi3/optee_os/out/arm/export-ta_arm64/lib/libutee.a(tee_api_arith.o) (mpa_set_S32)
/home/optee/RPi3/optee_os/out/arm/export-ta_arm64/lib/libmpa.a(mpa_div.o)
[...]
Memory Configuration

Name             Origin             Length             Attributes
*default*        0x0000000000000000 0xffffffffffffffff

Linker script and memory map


.ta_head        0x0000000000000000       0x20
 *(SORT(.ta_head))
 .ta_head       0x0000000000000000       0x20 ./user_ta_header.o
                0x0000000000000000                ta_head

.text           0x0000000000000020     0xe8e4
 *(SORT(.text) SORT(.text.*))
 .text          0x0000000000000020      0x220 ./hello_world_ta.o
                0x0000000000000020                TA_CreateEntryPoint
                0x0000000000000058                TA_DestroyEntryPoint
                0x0000000000000090                TA_OpenSessionEntryPoint
                0x00000000000000f0                TA_CloseSessionEntryPoint
                0x0000000000000200                TA_InvokeCommandEntryPoint
 .text          0x0000000000000240        0x8 ./user_ta_header.o
                0x0000000000000240                tahead_get_trace_level
 .text          0x0000000000000248      0x574 /home/optee/RPi3/optee_os/out/arm/export-ta_arm64/lib/libutee.a(user_ta_entry.o)
                0x00000000000006f8                __utee_entry
 .text          0x00000000000007bc      0xe14 /home/optee/RPi3/optee_os/out/arm/export-ta_arm64/lib/libutee.a(tee_api_arith.o)
                0x0000000000000814                _TEE_MathAPI_Init
                0x000000000000084c                TEE_BigIntInit
                0x0000000000000874                TEE_BigIntInitFMM
                0x00000000000008c4                TEE_BigIntInitFMMContext
                0x0000000000000930                TEE_BigIntFMMSizeInU32
                0x0000000000000950                TEE_BigIntFMMContextSizeInU32
                0x0000000000000974                TEE_BigIntConvertFromOctetString
                0x0000000000000a28                TEE_BigIntConvertToOctetString
                0x0000000000000ae8                TEE_BigIntConvertFromS32
                0x0000000000000b18                TEE_BigIntConvertToS32
                0x0000000000000bac                TEE_BigIntCmp
                0x0000000000000be0                TEE_BigIntCmpS32
                0x0000000000000c0c                TEE_BigIntShiftRight
                0x0000000000000c50                TEE_BigIntGetBit
                0x0000000000000c88                TEE_BigIntGetBitCount
                0x0000000000000cb0                TEE_BigIntAdd
                0x0000000000000d08                TEE_BigIntSub
                0x0000000000000d60                TEE_BigIntNeg
                0x0000000000000d98                TEE_BigIntMul
                0x0000000000000df0                TEE_BigIntSquare
                0x0000000000000e3c                TEE_BigIntDiv
                0x0000000000000ec4                TEE_BigIntMod
                0x0000000000000f70                TEE_BigIntAddMod
                0x000000000000102c                TEE_BigIntSubMod
                0x00000000000010e8                TEE_BigIntMulMod
                0x00000000000011e4                TEE_BigIntSquareMod
                0x0000000000001218                TEE_BigIntInvMod
                0x00000000000012a4                TEE_BigIntRelativePrime
                0x0000000000001338                TEE_BigIntComputeExtendedGcd
                0x00000000000013b0                TEE_BigIntIsProbablePrime
                0x0000000000001414                TEE_BigIntConvertToFMM
                0x0000000000001490                TEE_BigIntConvertFromFMM
                0x0000000000001550                TEE_BigIntComputeFMM
 .text          0x00000000000015d0      0xa64 /home/optee/RPi3/optee_os/out/arm/export-ta_arm64/lib/libutee.a(tee_api.o)
                0x00000000000015d0                __utee_from_param
                0x0000000000001758                __utee_to_param
                0x0000000000001898                TEE_OpenTASession
                0x0000000000001934                TEE_CloseTASession
                0x00000000000019a0                TEE_InvokeTACommand
                0x0000000000001a94                TEE_GetCancellationFlag
                0x0000000000001ad0                TEE_UnmaskCancellation
                0x0000000000001b38                TEE_MaskCancellation
                0x0000000000001ba0                TEE_CheckMemoryAccessRights
                0x0000000000001c04                TEE_SetInstanceData
                0x0000000000001c28                TEE_GetInstanceData
                0x0000000000001c38                TEE_MemMove
                0x0000000000001c68                TEE_MemCompare
                0x0000000000001c98                TEE_MemFill
                0x0000000000001ccc                TEE_GetSystemTime
                0x0000000000001d30                TEE_Wait
                0x0000000000001da0                TEE_GetTAPersistentTime
                0x0000000000001e6c                TEE_SetTAPersistentTime
                0x0000000000001eec                TEE_GetREETime
                0x0000000000001f50                TEE_Malloc
                0x0000000000001f74                TEE_Realloc
                0x0000000000001f9c                TEE_Free
                0x0000000000001fbc                TEE_CacheClean
                0x0000000000001fe4                TEE_CacheFlush
                0x000000000000200c                TEE_CacheInvalidate
 .text          0x0000000000002034       0x28 /home/optee/RPi3/optee_os/out/arm/export-ta_arm64/lib/libutee.a(tee_api_panic.o)
                0x0000000000002034                __TEE_Panic
                0x0000000000002048                TEE_Panic
 .text          0x000000000000205c       0xb0 /home/optee/RPi3/optee_os/out/arm/export-ta_arm64/lib/libutee.a(utee_misc.o)
                0x000000000000205c                utee_get_ta_exec_id
                0x0000000000002064                utee_malloc
                0x0000000000002080                utee_realloc
                0x00000000000020a4                utee_calloc
                0x00000000000020c8                utee_free
                0x00000000000020e8                get_rng_array
 .text          0x000000000000210c      0x9ec /home/optee/RPi3/optee_os/out/arm/export-ta_arm64/lib/libutee.a(tee_user_mem.o)
                0x0000000000002548                tee_user_mem_alloc
                0x0000000000002718                tee_user_mem_realloc
                0x0000000000002828                tee_user_mem_free
                0x0000000000002988                tee_user_mem_mark_heap
                0x000000000000299c                tee_user_mem_check_heap
                0x0000000000002ab0                tee_user_mem_garbage
 .text          0x0000000000002af8      0x230 /home/optee/RPi3/optee_os/out/arm/export-ta_arm64/lib/libutee.a(trace_ext.o)
                0x0000000000002af8                trace_ext_puts
                0x0000000000002b24                trace_ext_get_thread_id
                0x0000000000002b2c                printf
                0x0000000000002cfc                puts
 .text          0x0000000000002d28       0x60 /home/optee/RPi3/optee_os/out/arm/export-ta_arm64/lib/libutee.a(assert.o)
                0x0000000000002d28                _assert_log
                0x0000000000002d78                _assert_break
 .text          0x0000000000002d88     0x1db8 /home/optee/RPi3/optee_os/out/arm/export-ta_arm64/lib/libutils.a(bget_malloc.o)
                0x0000000000002d88                bget
                0x00000000000030a0                bgetz
                0x0000000000003168                bgetr
                0x0000000000003244                brel
                0x000000000000364c                bpool
                0x00000000000037ac                bstats
                0x0000000000003920                malloc_reset_max_allocated
                0x0000000000003948                malloc_get_max_allocated
                0x0000000000003974                malloc_get_allocated
                0x00000000000039a0                malloc_get_heap_size
                0x0000000000004664                malloc
                0x0000000000004698                free
                0x00000000000046c0                calloc
                0x0000000000004728                realloc
                0x000000000000475c                memalign
                0x00000000000047c8                malloc_add_pool
                0x0000000000004964                malloc_buffer_is_within_alloced
                0x0000000000004a30                malloc_buffer_overlaps_heap
 .text          0x0000000000004b40      0x120 /home/optee/RPi3/optee_os/out/arm/export-ta_arm64/lib/libutils.a(snprintf.o)
                0x0000000000004b40                snprintf
                0x0000000000004bfc                vsnprintf
 .text          0x0000000000004c60      0x128 /home/optee/RPi3/optee_os/out/arm/export-ta_arm64/lib/libutils.a(memcmp.o)
                0x0000000000004c60                memcmp
 .text          0x0000000000004d88      0x180 /home/optee/RPi3/optee_os/out/arm/export-ta_arm64/lib/libutils.a(memcpy.o)
                0x0000000000004d88                memcpy
 .text          0x0000000000004f08      0x20c /home/optee/RPi3/optee_os/out/arm/export-ta_arm64/lib/libutils.a(memmove.o)
                0x0000000000004f08                memmove
 .text          0x0000000000005114      0x1cc /home/optee/RPi3/optee_os/out/arm/export-ta_arm64/lib/libutils.a(memset.o)
                0x0000000000005114                memset
 .text          0x00000000000052e0       0xe4 /home/optee/RPi3/optee_os/out/arm/export-ta_arm64/lib/libutils.a(strlen.o)
                0x00000000000052e0                strlen
 .text          0x00000000000053c4     0x2194 /home/optee/RPi3/optee_os/out/arm/export-ta_arm64/lib/libutils.a(snprintk.o)
                0x00000000000053c4                snprintk
                0x000000000000547c                vsnprintk
                0x00000000000054e0                __vsnprintf
 .text          0x0000000000007558       0xb8 /home/optee/RPi3/optee_os/out/arm/export-ta_arm64/lib/libutils.a(strlcpy.o)
                0x0000000000007558                strlcpy
 .text          0x0000000000007610      0x4d4 /home/optee/RPi3/optee_os/out/arm/export-ta_arm64/lib/libutils.a(trace.o)
                0x0000000000007610                trace_set_level
                0x0000000000007660                trace_get_level
                0x00000000000076e4                trace_printf
                0x0000000000007ac0                dhex_dump
 .text          0x0000000000007ae4      0x1c8 /home/optee/RPi3/optee_os/out/arm/export-ta_arm64/lib/libutils.a(memchr.o)
                0x0000000000007ae4                memchr
 .text          0x0000000000007cac      0x328 /home/optee/RPi3/optee_os/out/arm/export-ta_arm64/lib/libmpa.a(mpa_misc.o)
                0x0000000000007cac                __mpa_set_unused_digits_to_zero
                0x0000000000007d14                mpa_wipe
                0x0000000000007d5c                mpa_copy
                0x0000000000007dd0                mpa_abs
                0x0000000000007e1c                mpa_highest_bit_index
                0x0000000000007ed4                mpa_get_bit
                0x0000000000007f68                mpa_can_hold
                0x0000000000007fa0                mpa_parity
                0x0000000000007fc8                mpa_constant_one
 .text          0x0000000000007fd4      0x678 /home/optee/RPi3/optee_os/out/arm/export-ta_arm64/lib/libmpa.a(mpa_montgomery.o)
                0x0000000000007fd4                __mpa_montgomery_mul_add
                0x000000000000811c                __mpa_montgomery_sub_ack
                0x0000000000008274                __mpa_montgomery_mul
                0x0000000000008454                mpa_compute_fmm_context
                0x00000000000085e0                mpa_montgomery_mul
 .text          0x000000000000864c      0x560 /home/optee/RPi3/optee_os/out/arm/export-ta_arm64/lib/libmpa.a(mpa_primetest.o)
                0x000000000000864c                mpa_is_prob_prime
 .text          0x0000000000008bac      0x1d0 /home/optee/RPi3/optee_os/out/arm/export-ta_arm64/lib/libmpa.a(mpa_conv.o)
                0x0000000000008bac                mpa_set_S32
                0x0000000000008c14                mpa_get_S32
                0x0000000000008cfc                mpa_set_word
                0x0000000000008d3c                mpa_get_word
 .text          0x0000000000008d7c     0x1004 /home/optee/RPi3/optee_os/out/arm/export-ta_arm64/lib/libmpa.a(mpa_div.o)
                0x0000000000008e48                __mpa_div_dword
                0x0000000000009848                __mpa_div_q_r_internal_word
                0x0000000000009a2c                __mpa_div_q_r
                0x0000000000009c38                mpa_div
 .text          0x0000000000009d80      0xb64 /home/optee/RPi3/optee_os/out/arm/export-ta_arm64/lib/libmpa.a(mpa_gcd.o)
                0x000000000000a44c                mpa_gcd
                0x000000000000a5d4                mpa_extended_gcd
 .text          0x000000000000a8e4      0x3d8 /home/optee/RPi3/optee_os/out/arm/export-ta_arm64/lib/libmpa.a(mpa_mem_static.o)
                0x000000000000a8e4                mpa_init_scratch_mem_sync
                0x000000000000a958                mpa_init_scratch_mem
                0x000000000000a994                mpa_alloc_static_temp_var_size
                0x000000000000ab88                mpa_alloc_static_temp_var
                0x000000000000abb4                mpa_free_static_temp_var
 .text          0x000000000000acbc      0x5c0 /home/optee/RPi3/optee_os/out/arm/export-ta_arm64/lib/libmpa.a(mpa_mul.o)
                0x000000000000acbc                __mpa_mul_add_word
                0x000000000000ad20                __mpa_mul_add_word_cum
                0x000000000000ad94                __mpa_abs_mul_word
                0x000000000000aeac                __mpa_abs_mul
                0x000000000000b04c                mpa_mul
                0x000000000000b17c                mpa_mul_word
 .text          0x000000000000b27c      0x230 /home/optee/RPi3/optee_os/out/arm/export-ta_arm64/lib/libmpa.a(mpa_random.o)
                0x000000000000b27c                mpa_set_random_generator
                0x000000000000b2d8                mpa_get_random
 .text          0x000000000000b4ac      0x8f8 /home/optee/RPi3/optee_os/out/arm/export-ta_arm64/lib/libmpa.a(mpa_shift.o)
                0x000000000000b4ac                __mpa_shift_words_left
                0x000000000000b5dc                __mpa_shift_words_right
                0x000000000000b70c                mpa_shift_left
                0x000000000000ba94                mpa_shift_right
 .text          0x000000000000bda4      0xff4 /home/optee/RPi3/optee_os/out/arm/export-ta_arm64/lib/libmpa.a(mpa_addsub.o)
                0x000000000000bda4                __mpa_full_adder
                0x000000000000be08                __mpa_full_sub
                0x000000000000be6c                __mpa_full_adder_ackum
                0x000000000000bed4                __mpa_abs_add
                0x000000000000c0b8                __mpa_abs_add_ackum
                0x000000000000c218                __mpa_abs_sub
                0x000000000000c3b0                mpa_add
                0x000000000000c66c                mpa_sub
                0x000000000000c964                mpa_neg
                0x000000000000c9a0                mpa_add_word
                0x000000000000cb98                mpa_sub_word
 .text          0x000000000000cd98      0x3c8 /home/optee/RPi3/optee_os/out/arm/export-ta_arm64/lib/libmpa.a(mpa_cmp.o)
                0x000000000000cd98                __mpa_abs_cmp
                0x000000000000cf1c                __mpa_abs_greater_than
                0x000000000000cf4c                __mpa_abs_less_than
                0x000000000000cf78                mpa_cmp
                0x000000000000d054                mpa_cmp_short
 .text          0x000000000000d160      0x1b8 /home/optee/RPi3/optee_os/out/arm/export-ta_arm64/lib/libmpa.a(mpa_expmod.o)
                0x000000000000d160                mpa_exp_mod
 .text          0x000000000000d318      0x144 /home/optee/RPi3/optee_os/out/arm/export-ta_arm64/lib/libmpa.a(mpa_init.o)
                0x000000000000d318                mpa_init_static
                0x000000000000d378                mpa_init_static_fmm_context
 .text          0x000000000000d45c      0xe94 /home/optee/RPi3/optee_os/out/arm/export-ta_arm64/lib/libmpa.a(mpa_io.o)
                0x000000000000d9c4                mpa_get_str_size
                0x000000000000d9cc                mpa_set_str
                0x000000000000de14                mpa_get_str
                0x000000000000df58                mpa_set_oct_str
                0x000000000000e130                mpa_get_oct_str
 .text          0x000000000000e2f0      0x2c0 /home/optee/RPi3/optee_os/out/arm/export-ta_arm64/lib/libmpa.a(mpa_modulus.o)
                0x000000000000e2f0                mpa_mod
                0x000000000000e32c                mpa_add_mod
                0x000000000000e39c                mpa_sub_mod
                0x000000000000e40c                mpa_mul_mod
                0x000000000000e47c                mpa_inv_mod
 .text          0x000000000000e5b0      0x354 /home/optee/RPi3/optee_os/out/arm/export-ta_arm64/lib/libutee.a(utee_syscalls_a64.o)
                0x000000000000e5b0                utee_return
                0x000000000000e5bc                utee_log
                0x000000000000e5c8                utee_panic
                0x000000000000e5d4                utee_get_property
                0x000000000000e5e0                utee_get_property_name_to_index
                0x000000000000e5ec                utee_open_ta_session
                0x000000000000e5f8                utee_close_ta_session
                0x000000000000e604                utee_invoke_ta_command
                0x000000000000e610                utee_get_cancellation_flag
                0x000000000000e61c                utee_check_access_rights
                0x000000000000e628                utee_unmask_cancellation
                0x000000000000e634                utee_mask_cancellation
                0x000000000000e640                utee_wait
                0x000000000000e64c                utee_get_time
                0x000000000000e658                utee_set_ta_time
                0x000000000000e664                utee_cryp_state_alloc
                0x000000000000e670                utee_cryp_state_copy
                0x000000000000e67c                utee_cryp_state_free
                0x000000000000e688                utee_hash_init
                0x000000000000e694                utee_hash_update
                0x000000000000e6a0                utee_hash_final
                0x000000000000e6ac                utee_cipher_init
                0x000000000000e6b8                utee_cipher_update
                0x000000000000e6c4                utee_cipher_final
                0x000000000000e6d0                utee_cryp_obj_get_info
                0x000000000000e6dc                utee_cryp_obj_restrict_usage
                0x000000000000e6e8                utee_cryp_obj_get_attr
                0x000000000000e6f4                utee_cryp_obj_alloc
                0x000000000000e700                utee_cryp_obj_close
                0x000000000000e70c                utee_cryp_obj_reset
                0x000000000000e718                utee_cryp_obj_populate
                0x000000000000e724                utee_cryp_obj_copy
                0x000000000000e730                utee_cryp_derive_key
                0x000000000000e73c                utee_cryp_random_number_generate
                0x000000000000e748                utee_authenc_init
                0x000000000000e754                utee_authenc_update_aad
                0x000000000000e760                utee_authenc_update_payload
                0x000000000000e76c                utee_authenc_enc_final
                0x000000000000e778                utee_authenc_dec_final
                0x000000000000e784                utee_asymm_operate
                0x000000000000e790                utee_asymm_verify
                0x000000000000e79c                utee_storage_obj_open
                0x000000000000e7a8                utee_storage_obj_create
                0x000000000000e7b4                utee_storage_obj_del
                0x000000000000e7c0                utee_storage_obj_rename
                0x000000000000e7cc                utee_storage_alloc_enum
                0x000000000000e7d8                utee_storage_free_enum
                0x000000000000e7e4                utee_storage_reset_enum
                0x000000000000e7f0                utee_storage_start_enum
                0x000000000000e7fc                utee_storage_next_enum
                0x000000000000e808                utee_storage_obj_read
                0x000000000000e814                utee_storage_obj_write
                0x000000000000e820                utee_storage_obj_trunc
                0x000000000000e82c                utee_storage_obj_seek
                0x000000000000e838                utee_cryp_obj_generate_key
                0x000000000000e844                utee_se_service_open
                0x000000000000e850                utee_se_service_close
                0x000000000000e85c                utee_se_service_get_readers
                0x000000000000e868                utee_se_reader_get_prop
                0x000000000000e874                utee_se_reader_get_name
                0x000000000000e880                utee_se_reader_open_session
                0x000000000000e88c                utee_se_reader_close_sessions
                0x000000000000e898                utee_se_session_is_closed
                0x000000000000e8a4                utee_se_session_get_atr
                0x000000000000e8b0                utee_se_session_open_channel
                0x000000000000e8bc                utee_se_session_close
                0x000000000000e8c8                utee_se_channel_select_next
                0x000000000000e8d4                utee_se_channel_get_select_resp
                0x000000000000e8e0                utee_se_channel_transmit
                0x000000000000e8ec                utee_se_channel_close
                0x000000000000e8f8                utee_cache_operation
 *(SORT(.stub))
 *(SORT(.glue_7))
 *(SORT(.glue_7t))
 *(SORT(.gnu.linkonce.t.*))
 *(SORT(.vfp11_veneer))

.eh_frame
 *(SORT(.eh_frame))

.rodata         0x000000000000e908     0x1af8
 *(SORT(.gnu.linkonce.r.*))
 *(SORT(.rodata) SORT(.rodata.*))
 .rodata.hello_world_ta.c
                0x000000000000e908       0xe0 ./hello_world_ta.o
 .rodata.user_ta_header.c
                0x000000000000e9e8      0x130 ./user_ta_header.o
                0x000000000000e9e8                trace_ext_prefix
                0x000000000000e9f0                ta_heap_size
                0x000000000000eb10                ta_num_props
 .rodata.lib/libutee/arch/arm/user_ta_entry.c
                0x000000000000eb18       0x20 /home/optee/RPi3/optee_os/out/arm/export-ta_arm64/lib/libutee.a(user_ta_entry.o)
 .rodata.lib/libutee/tee_api_arith.c
                0x000000000000eb38       0xf0 /home/optee/RPi3/optee_os/out/arm/export-ta_arm64/lib/libutee.a(tee_api_arith.o)
 .rodata.lib/libutee/tee_api.c
                0x000000000000ec28      0x118 /home/optee/RPi3/optee_os/out/arm/export-ta_arm64/lib/libutee.a(tee_api.o)
 .rodata.lib/libutee/tee_user_mem.c
                0x000000000000ed40      0x1b0 /home/optee/RPi3/optee_os/out/arm/export-ta_arm64/lib/libutee.a(tee_user_mem.o)
 .rodata.lib/libutee/trace_ext.c
                0x000000000000eef0       0x30 /home/optee/RPi3/optee_os/out/arm/export-ta_arm64/lib/libutee.a(trace_ext.o)
 .rodata.lib/libutee/assert.c
                0x000000000000ef20       0x30 /home/optee/RPi3/optee_os/out/arm/export-ta_arm64/lib/libutee.a(assert.o)
 .rodata.lib/libutils/isoc/bget_malloc.c
                0x000000000000ef50      0x458 /home/optee/RPi3/optee_os/out/arm/export-ta_arm64/lib/libutils.a(bget_malloc.o)
 .rodata.lib/libutils/ext/snprintk.c
                0x000000000000f3a8      0x1f0 /home/optee/RPi3/optee_os/out/arm/export-ta_arm64/lib/libutils.a(snprintk.o)
 .rodata.lib/libutils/ext/trace.c
                0x000000000000f598       0x68 /home/optee/RPi3/optee_os/out/arm/export-ta_arm64/lib/libutils.a(trace.o)
 .rodata.lib/libmpa/mpa_misc.c
                0x000000000000f600       0x30 /home/optee/RPi3/optee_os/out/arm/export-ta_arm64/lib/libmpa.a(mpa_misc.o)
                0x000000000000f600                const_largest_deci_base
                0x000000000000f610                Const_1_LShift_Base
                0x000000000000f620                const_one
 .rodata.lib/libmpa/mpa_primetest.c
                0x000000000000f630      0xd38 /home/optee/RPi3/optee_os/out/arm/export-ta_arm64/lib/libmpa.a(mpa_primetest.o)
                0x000000000000f630                MAX_TABULATED_PRIME
                0x000000000000f634                NR_STORED_PRIMES
                0x000000000000f638                PRIME_TABLE
 .rodata.lib/libmpa/mpa_io.c
                0x0000000000010368       0x98 /home/optee/RPi3/optee_os/out/arm/export-ta_arm64/lib/libmpa.a(mpa_io.o)

.gnu.version_d  0x0000000000010400        0x0
 .gnu.version_d
                0x0000000000010400        0x0 ./hello_world_ta.o

.gnu.version    0x0000000000010400        0x0
 .gnu.version   0x0000000000010400        0x0 ./hello_world_ta.o

.gnu.version_r  0x0000000000010400        0x0
 .gnu.version_r
                0x0000000000010400        0x0 ./hello_world_ta.o

.ARM.exidx
 *(SORT(.ARM.exidx*) SORT(.gnu.linkonce.armexidx.*))

.ctors
 *(SORT(.ctors))

.dtors
 *(SORT(.dtors))

.plt            0x0000000000010400        0x0
 *(SORT(.plt))
 .plt           0x0000000000010400        0x0 ./hello_world_ta.o

.rela.dyn       0x0000000000010400      0x240
 .rela.ifunc    0x0000000000010400        0x0 ./hello_world_ta.o
 .rela.ta_head  0x0000000000010400       0x18 ./hello_world_ta.o
 .rela.data.rel.ro.local
                0x0000000000010418      0x1b0 ./hello_world_ta.o
 .rela.data.rel.local
                0x00000000000105c8       0x78 ./hello_world_ta.o

.got            0x0000000000010640       0x68
 *(SORT(.got.plt))
 .got.plt       0x0000000000010640       0x18 ./hello_world_ta.o
 *(SORT(.got))
 .got           0x0000000000010658       0x50 ./hello_world_ta.o
                0x0000000000010658                _GLOBAL_OFFSET_TABLE_

.rel.text
 *(SORT(.rel.text))
 *(SORT(.rel.gnu.linkonce.t*))

.rela.text
 *(SORT(.rela.text))
 *(SORT(.rela.gnu.linkonce.t*))

.rel.data
 *(SORT(.rel.data))
 *(SORT(.rel.gnu.linkonce.d*))

.rela.data
 *(SORT(.rela.data))
 *(SORT(.rela.gnu.linkonce.d*))

.rel.rodata
 *(SORT(.rel.rodata))
 *(SORT(.rel.gnu.linkonce.r*))

.rela.rodata
 *(SORT(.rela.rodata))
 *(SORT(.rela.gnu.linkonce.r*))

.rel.dyn
 *(SORT(.rel.dyn))

.rel.got
 *(SORT(.rel.got))

.rela.got       0x00000000000106a8       0xd8
 *(SORT(.rela.got))
 .rela.got      0x00000000000106a8       0xd8 ./hello_world_ta.o

.rel.ctors
 *(SORT(.rel.ctors))

.rela.ctors
 *(SORT(.rela.ctors))

.rel.dtors
 *(SORT(.rel.dtors))

.rela.dtors
 *(SORT(.rela.dtors))

.rel.init
 *(SORT(.rel.init))

.rela.init
 *(SORT(.rela.init))

.rel.fini
 *(SORT(.rel.fini))

.rela.fini
 *(SORT(.rela.fini))

.rel.bss
 *(SORT(.rel.bss))

.rela.bss
 *(SORT(.rela.bss))

.rel.plt
 *(SORT(.rel.plt))

.rela.plt       0x0000000000010780        0x0
 *(SORT(.rela.plt))
 .rela.plt      0x0000000000010780        0x0 ./hello_world_ta.o

.dynamic        0x0000000000010780       0xf0
 *(SORT(.dynamic))
 .dynamic       0x0000000000010780       0xf0 ./hello_world_ta.o
                0x0000000000010780                _DYNAMIC

.dynsym         0x0000000000010870      0x120
 *(SORT(.dynsym))
 .dynsym        0x0000000000010870      0x120 ./hello_world_ta.o

.dynstr         0x0000000000010990       0x78
 *(SORT(.dynstr))
 .dynstr        0x0000000000010990       0x78 ./hello_world_ta.o

.hash           0x0000000000010a08       0x44
 *(SORT(.hash))
 .hash          0x0000000000010a08       0x44 ./hello_world_ta.o
                0x0000000000011000                . = ALIGN (0x1000)

.data           0x0000000000011000      0x12c
 *(SORT(.data) SORT(.data.*) SORT(.gnu.linkonce.d.*))
 .data.rel.ro.local
                0x0000000000011000       0xd8 ./user_ta_header.o
                0x0000000000011000                ta_props
 .data.rel.local
                0x00000000000110d8       0x10 /home/optee/RPi3/optee_os/out/arm/export-ta_arm64/lib/libutee.a(user_ta_entry.o)
 .data.rel.local
                0x00000000000110e8        0x8 /home/optee/RPi3/optee_os/out/arm/export-ta_arm64/lib/libutee.a(tee_api_arith.o)
 .data          0x00000000000110f0        0x8 /home/optee/RPi3/optee_os/out/arm/export-ta_arm64/lib/libutee.a(tee_user_mem.o)
 .data.rel.local
                0x00000000000110f8       0x10 /home/optee/RPi3/optee_os/out/arm/export-ta_arm64/lib/libutee.a(tee_user_mem.o)
                0x00000000000110f8                user_mem_head
 .data.rel.local
                0x0000000000011108       0x20 /home/optee/RPi3/optee_os/out/arm/export-ta_arm64/lib/libutils.a(bget_malloc.o)
 .data          0x0000000000011128        0x4 ./user_ta_header.o
                0x0000000000011128                trace_level
 .data          0x000000000001112c        0x0 ./hello_world_ta.o
 .data          0x000000000001112c        0x0 /home/optee/RPi3/optee_os/out/arm/export-ta_arm64/lib/libutee.a(user_ta_entry.o)
 .data          0x000000000001112c        0x0 /home/optee/RPi3/optee_os/out/arm/export-ta_arm64/lib/libutee.a(utee_syscalls_a64.o)
 .data          0x000000000001112c        0x0 /home/optee/RPi3/optee_os/out/arm/export-ta_arm64/lib/libutee.a(tee_api_arith.o)
 .data          0x000000000001112c        0x0 /home/optee/RPi3/optee_os/out/arm/export-ta_arm64/lib/libutee.a(tee_api.o)
 .data          0x000000000001112c        0x0 /home/optee/RPi3/optee_os/out/arm/export-ta_arm64/lib/libutee.a(tee_api_panic.o)
 .data          0x000000000001112c        0x0 /home/optee/RPi3/optee_os/out/arm/export-ta_arm64/lib/libutee.a(utee_misc.o)
 .data          0x000000000001112c        0x0 /home/optee/RPi3/optee_os/out/arm/export-ta_arm64/lib/libutee.a(trace_ext.o)
 .data          0x000000000001112c        0x0 /home/optee/RPi3/optee_os/out/arm/export-ta_arm64/lib/libutee.a(assert.o)
 .data          0x000000000001112c        0x0 /home/optee/RPi3/optee_os/out/arm/export-ta_arm64/lib/libutils.a(bget_malloc.o)
 .data          0x000000000001112c        0x0 /home/optee/RPi3/optee_os/out/arm/export-ta_arm64/lib/libutils.a(snprintf.o)
 .data          0x000000000001112c        0x0 /home/optee/RPi3/optee_os/out/arm/export-ta_arm64/lib/libutils.a(memcmp.o)
 .data          0x000000000001112c        0x0 /home/optee/RPi3/optee_os/out/arm/export-ta_arm64/lib/libutils.a(memcpy.o)
 .data          0x000000000001112c        0x0 /home/optee/RPi3/optee_os/out/arm/export-ta_arm64/lib/libutils.a(memmove.o)
 .data          0x000000000001112c        0x0 /home/optee/RPi3/optee_os/out/arm/export-ta_arm64/lib/libutils.a(memset.o)
 .data          0x000000000001112c        0x0 /home/optee/RPi3/optee_os/out/arm/export-ta_arm64/lib/libutils.a(strlen.o)
 .data          0x000000000001112c        0x0 /home/optee/RPi3/optee_os/out/arm/export-ta_arm64/lib/libutils.a(snprintk.o)
 .data          0x000000000001112c        0x0 /home/optee/RPi3/optee_os/out/arm/export-ta_arm64/lib/libutils.a(strlcpy.o)
 .data          0x000000000001112c        0x0 /home/optee/RPi3/optee_os/out/arm/export-ta_arm64/lib/libutils.a(trace.o)
 .data          0x000000000001112c        0x0 /home/optee/RPi3/optee_os/out/arm/export-ta_arm64/lib/libutils.a(memchr.o)
 .data          0x000000000001112c        0x0 /home/optee/RPi3/optee_os/out/arm/export-ta_arm64/lib/libmpa.a(mpa_misc.o)
 .data          0x000000000001112c        0x0 /home/optee/RPi3/optee_os/out/arm/export-ta_arm64/lib/libmpa.a(mpa_montgomery.o)
 .data          0x000000000001112c        0x0 /home/optee/RPi3/optee_os/out/arm/export-ta_arm64/lib/libmpa.a(mpa_primetest.o)
 .data          0x000000000001112c        0x0 /home/optee/RPi3/optee_os/out/arm/export-ta_arm64/lib/libmpa.a(mpa_conv.o)
 .data          0x000000000001112c        0x0 /home/optee/RPi3/optee_os/out/arm/export-ta_arm64/lib/libmpa.a(mpa_div.o)
 .data          0x000000000001112c        0x0 /home/optee/RPi3/optee_os/out/arm/export-ta_arm64/lib/libmpa.a(mpa_gcd.o)
 .data          0x000000000001112c        0x0 /home/optee/RPi3/optee_os/out/arm/export-ta_arm64/lib/libmpa.a(mpa_mem_static.o)
 .data          0x000000000001112c        0x0 /home/optee/RPi3/optee_os/out/arm/export-ta_arm64/lib/libmpa.a(mpa_mul.o)
 .data          0x000000000001112c        0x0 /home/optee/RPi3/optee_os/out/arm/export-ta_arm64/lib/libmpa.a(mpa_random.o)
 .data          0x000000000001112c        0x0 /home/optee/RPi3/optee_os/out/arm/export-ta_arm64/lib/libmpa.a(mpa_shift.o)
 .data          0x000000000001112c        0x0 /home/optee/RPi3/optee_os/out/arm/export-ta_arm64/lib/libmpa.a(mpa_addsub.o)
 .data          0x000000000001112c        0x0 /home/optee/RPi3/optee_os/out/arm/export-ta_arm64/lib/libmpa.a(mpa_cmp.o)
 .data          0x000000000001112c        0x0 /home/optee/RPi3/optee_os/out/arm/export-ta_arm64/lib/libmpa.a(mpa_expmod.o)
 .data          0x000000000001112c        0x0 /home/optee/RPi3/optee_os/out/arm/export-ta_arm64/lib/libmpa.a(mpa_init.o)
 .data          0x000000000001112c        0x0 /home/optee/RPi3/optee_os/out/arm/export-ta_arm64/lib/libmpa.a(mpa_io.o)
 .data          0x000000000001112c        0x0 /home/optee/RPi3/optee_os/out/arm/export-ta_arm64/lib/libmpa.a(mpa_modulus.o)

.bss            0x0000000000011130     0xabf0
 *(SORT(.bss) SORT(.bss.*) SORT(.gnu.linkonce.b.*) SORT(COMMON))
 COMMON         0x0000000000011130     0x8000 ./user_ta_header.o
                0x0000000000011130                ta_heap
 COMMON         0x0000000000019130       0x48 /home/optee/RPi3/optee_os/out/arm/export-ta_arm64/lib/libutee.a(user_ta_entry.o)
                0x0000000000019130                ta_param_types
                0x0000000000019138                ta_params
 .bss           0x0000000000019178     0x1b40 /home/optee/RPi3/optee_os/out/arm/export-ta_arm64/lib/libutee.a(tee_api_arith.o)
 .bss           0x000000000001acb8        0x8 /home/optee/RPi3/optee_os/out/arm/export-ta_arm64/lib/libutee.a(tee_api.o)
 .bss           0x000000000001acc0       0x18 /home/optee/RPi3/optee_os/out/arm/export-ta_arm64/lib/libutee.a(tee_user_mem.o)
 .bss           0x000000000001acd8       0x30 /home/optee/RPi3/optee_os/out/arm/export-ta_arm64/lib/libutils.a(bget_malloc.o)
 .bss           0x000000000001ad08        0x8 /home/optee/RPi3/optee_os/out/arm/export-ta_arm64/lib/libmpa.a(mpa_random.o)
 .bss           0x000000000001ad10     0x1008 /home/optee/RPi3/optee_os/out/arm/export-ta_arm64/lib/libmpa.a(mpa_io.o)
 .bss           0x000000000001bd18        0x8 /home/optee/RPi3/optee_os/out/arm/export-ta_arm64/lib/libutee.a(user_ta_entry.o)
 .bss           0x000000000001bd20        0x0 ./hello_world_ta.o
 .bss           0x000000000001bd20        0x0 ./user_ta_header.o
 .bss           0x000000000001bd20        0x0 /home/optee/RPi3/optee_os/out/arm/export-ta_arm64/lib/libutee.a(utee_syscalls_a64.o)
 .bss           0x000000000001bd20        0x0 /home/optee/RPi3/optee_os/out/arm/export-ta_arm64/lib/libutee.a(tee_api_panic.o)
 .bss           0x000000000001bd20        0x0 /home/optee/RPi3/optee_os/out/arm/export-ta_arm64/lib/libutee.a(utee_misc.o)
 .bss           0x000000000001bd20        0x0 /home/optee/RPi3/optee_os/out/arm/export-ta_arm64/lib/libutee.a(trace_ext.o)
 .bss           0x000000000001bd20        0x0 /home/optee/RPi3/optee_os/out/arm/export-ta_arm64/lib/libutee.a(assert.o)
 .bss           0x000000000001bd20        0x0 /home/optee/RPi3/optee_os/out/arm/export-ta_arm64/lib/libutils.a(snprintf.o)
 .bss           0x000000000001bd20        0x0 /home/optee/RPi3/optee_os/out/arm/export-ta_arm64/lib/libutils.a(memcmp.o)
 .bss           0x000000000001bd20        0x0 /home/optee/RPi3/optee_os/out/arm/export-ta_arm64/lib/libutils.a(memcpy.o)
 .bss           0x000000000001bd20        0x0 /home/optee/RPi3/optee_os/out/arm/export-ta_arm64/lib/libutils.a(memmove.o)
 .bss           0x000000000001bd20        0x0 /home/optee/RPi3/optee_os/out/arm/export-ta_arm64/lib/libutils.a(memset.o)
 .bss           0x000000000001bd20        0x0 /home/optee/RPi3/optee_os/out/arm/export-ta_arm64/lib/libutils.a(strlen.o)
 .bss           0x000000000001bd20        0x0 /home/optee/RPi3/optee_os/out/arm/export-ta_arm64/lib/libutils.a(snprintk.o)
 .bss           0x000000000001bd20        0x0 /home/optee/RPi3/optee_os/out/arm/export-ta_arm64/lib/libutils.a(strlcpy.o)
 .bss           0x000000000001bd20        0x0 /home/optee/RPi3/optee_os/out/arm/export-ta_arm64/lib/libutils.a(trace.o)
 .bss           0x000000000001bd20        0x0 /home/optee/RPi3/optee_os/out/arm/export-ta_arm64/lib/libutils.a(memchr.o)
 .bss           0x000000000001bd20        0x0 /home/optee/RPi3/optee_os/out/arm/export-ta_arm64/lib/libmpa.a(mpa_misc.o)
 .bss           0x000000000001bd20        0x0 /home/optee/RPi3/optee_os/out/arm/export-ta_arm64/lib/libmpa.a(mpa_montgomery.o)
 .bss           0x000000000001bd20        0x0 /home/optee/RPi3/optee_os/out/arm/export-ta_arm64/lib/libmpa.a(mpa_primetest.o)
 .bss           0x000000000001bd20        0x0 /home/optee/RPi3/optee_os/out/arm/export-ta_arm64/lib/libmpa.a(mpa_conv.o)
 .bss           0x000000000001bd20        0x0 /home/optee/RPi3/optee_os/out/arm/export-ta_arm64/lib/libmpa.a(mpa_div.o)
 .bss           0x000000000001bd20        0x0 /home/optee/RPi3/optee_os/out/arm/export-ta_arm64/lib/libmpa.a(mpa_gcd.o)
 .bss           0x000000000001bd20        0x0 /home/optee/RPi3/optee_os/out/arm/export-ta_arm64/lib/libmpa.a(mpa_mem_static.o)
 .bss           0x000000000001bd20        0x0 /home/optee/RPi3/optee_os/out/arm/export-ta_arm64/lib/libmpa.a(mpa_mul.o)
 .bss           0x000000000001bd20        0x0 /home/optee/RPi3/optee_os/out/arm/export-ta_arm64/lib/libmpa.a(mpa_shift.o)
 .bss           0x000000000001bd20        0x0 /home/optee/RPi3/optee_os/out/arm/export-ta_arm64/lib/libmpa.a(mpa_addsub.o)
 .bss           0x000000000001bd20        0x0 /home/optee/RPi3/optee_os/out/arm/export-ta_arm64/lib/libmpa.a(mpa_cmp.o)
 .bss           0x000000000001bd20        0x0 /home/optee/RPi3/optee_os/out/arm/export-ta_arm64/lib/libmpa.a(mpa_expmod.o)
 .bss           0x000000000001bd20        0x0 /home/optee/RPi3/optee_os/out/arm/export-ta_arm64/lib/libmpa.a(mpa_init.o)
 .bss           0x000000000001bd20        0x0 /home/optee/RPi3/optee_os/out/arm/export-ta_arm64/lib/libmpa.a(mpa_modulus.o)

.dynbss         0x000000000001bd20        0x0
 .dynbss        0x000000000001bd20        0x0 ./hello_world_ta.o

/DISCARD/
 *(SORT(.interp))
LOAD ./hello_world_ta.o
LOAD ./user_ta_header.o
LOAD /home/optee/RPi3/optee_os/out/arm/export-ta_arm64/lib/libutee.a
LOAD /home/optee/RPi3/optee_os/out/arm/export-ta_arm64/lib/libpng.a
LOAD /home/optee/RPi3/optee_os/out/arm/export-ta_arm64/lib/libzlib.a
LOAD /home/optee/RPi3/optee_os/out/arm/export-ta_arm64/lib/libutils.a
LOAD /home/optee/RPi3/optee_os/out/arm/export-ta_arm64/lib/libmpa.a
LOAD /home/optee/RPi3/optee_os/out/arm/export-ta_arm64/lib/libutee.a
LOAD /home/optee/RPi3/optee_os/out/arm/export-ta_arm64/lib/libutils.a
OUTPUT(8aaaf200-2450-11e4-abe20002a5d5c51b.elf elf64-littleaarch64)

.debug_info     0x0000000000000000     0x979f
 .debug_info    0x0000000000000000      0x340 ./hello_world_ta.o
 .debug_info    0x0000000000000340      0x2ff ./user_ta_header.o
 .debug_info    0x000000000000063f      0x583 /home/optee/RPi3/optee_os/out/arm/export-ta_arm64/lib/libutee.a(user_ta_entry.o)
 .debug_info    0x0000000000000bc2     0x1157 /home/optee/RPi3/optee_os/out/arm/export-ta_arm64/lib/libutee.a(tee_api_arith.o)
 .debug_info    0x0000000000001d19      0xba3 /home/optee/RPi3/optee_os/out/arm/export-ta_arm64/lib/libutee.a(tee_api.o)
 .debug_info    0x00000000000028bc       0xe2 /home/optee/RPi3/optee_os/out/arm/export-ta_arm64/lib/libutee.a(tee_api_panic.o)
 .debug_info    0x000000000000299e      0x1c9 /home/optee/RPi3/optee_os/out/arm/export-ta_arm64/lib/libutee.a(utee_misc.o)
 .debug_info    0x0000000000002b67      0x72d /home/optee/RPi3/optee_os/out/arm/export-ta_arm64/lib/libutee.a(tee_user_mem.o)
 .debug_info    0x0000000000003294      0x240 /home/optee/RPi3/optee_os/out/arm/export-ta_arm64/lib/libutee.a(trace_ext.o)
 .debug_info    0x00000000000034d4      0x113 /home/optee/RPi3/optee_os/out/arm/export-ta_arm64/lib/libutee.a(assert.o)
 .debug_info    0x00000000000035e7      0xf74 /home/optee/RPi3/optee_os/out/arm/export-ta_arm64/lib/libutils.a(bget_malloc.o)
 .debug_info    0x000000000000455b      0x188 /home/optee/RPi3/optee_os/out/arm/export-ta_arm64/lib/libutils.a(snprintf.o)
 .debug_info    0x00000000000046e3       0xef /home/optee/RPi3/optee_os/out/arm/export-ta_arm64/lib/libutils.a(memcmp.o)
 .debug_info    0x00000000000047d2      0x108 /home/optee/RPi3/optee_os/out/arm/export-ta_arm64/lib/libutils.a(memcpy.o)
 .debug_info    0x00000000000048da      0x108 /home/optee/RPi3/optee_os/out/arm/export-ta_arm64/lib/libutils.a(memmove.o)
 .debug_info    0x00000000000049e2       0xf5 /home/optee/RPi3/optee_os/out/arm/export-ta_arm64/lib/libutils.a(memset.o)
 .debug_info    0x0000000000004ad7       0xb6 /home/optee/RPi3/optee_os/out/arm/export-ta_arm64/lib/libutils.a(strlen.o)
 .debug_info    0x0000000000004b8d      0x57f /home/optee/RPi3/optee_os/out/arm/export-ta_arm64/lib/libutils.a(snprintk.o)
 .debug_info    0x000000000000510c       0xfa /home/optee/RPi3/optee_os/out/arm/export-ta_arm64/lib/libutils.a(strlcpy.o)
 .debug_info    0x0000000000005206      0x304 /home/optee/RPi3/optee_os/out/arm/export-ta_arm64/lib/libutils.a(trace.o)
 .debug_info    0x000000000000550a      0x106 /home/optee/RPi3/optee_os/out/arm/export-ta_arm64/lib/libutils.a(memchr.o)
 .debug_info    0x0000000000005610      0x351 /home/optee/RPi3/optee_os/out/arm/export-ta_arm64/lib/libmpa.a(mpa_misc.o)
 .debug_info    0x0000000000005961      0x4d2 /home/optee/RPi3/optee_os/out/arm/export-ta_arm64/lib/libmpa.a(mpa_montgomery.o)
 .debug_info    0x0000000000005e33      0x4f3 /home/optee/RPi3/optee_os/out/arm/export-ta_arm64/lib/libmpa.a(mpa_primetest.o)
 .debug_info    0x0000000000006326      0x1ed /home/optee/RPi3/optee_os/out/arm/export-ta_arm64/lib/libmpa.a(mpa_conv.o)
 .debug_info    0x0000000000006513      0x5b9 /home/optee/RPi3/optee_os/out/arm/export-ta_arm64/lib/libmpa.a(mpa_div.o)
 .debug_info    0x0000000000006acc      0x4d6 /home/optee/RPi3/optee_os/out/arm/export-ta_arm64/lib/libmpa.a(mpa_gcd.o)
 .debug_info    0x0000000000006fa2      0x411 /home/optee/RPi3/optee_os/out/arm/export-ta_arm64/lib/libmpa.a(mpa_mem_static.o)
 .debug_info    0x00000000000073b3      0x49d /home/optee/RPi3/optee_os/out/arm/export-ta_arm64/lib/libmpa.a(mpa_mul.o)
 .debug_info    0x0000000000007850      0x287 /home/optee/RPi3/optee_os/out/arm/export-ta_arm64/lib/libmpa.a(mpa_random.o)
 .debug_info    0x0000000000007ad7      0x28d /home/optee/RPi3/optee_os/out/arm/export-ta_arm64/lib/libmpa.a(mpa_shift.o)
 .debug_info    0x0000000000007d64      0x7ac /home/optee/RPi3/optee_os/out/arm/export-ta_arm64/lib/libmpa.a(mpa_addsub.o)
 .debug_info    0x0000000000008510      0x2a9 /home/optee/RPi3/optee_os/out/arm/export-ta_arm64/lib/libmpa.a(mpa_cmp.o)
 .debug_info    0x00000000000087b9      0x2cc /home/optee/RPi3/optee_os/out/arm/export-ta_arm64/lib/libmpa.a(mpa_expmod.o)
 .debug_info    0x0000000000008a85      0x1e2 /home/optee/RPi3/optee_os/out/arm/export-ta_arm64/lib/libmpa.a(mpa_init.o)
 .debug_info    0x0000000000008c67      0x74b /home/optee/RPi3/optee_os/out/arm/export-ta_arm64/lib/libmpa.a(mpa_io.o)
 .debug_info    0x00000000000093b2      0x3ed /home/optee/RPi3/optee_os/out/arm/export-ta_arm64/lib/libmpa.a(mpa_modulus.o)

.debug_abbrev   0x0000000000000000     0x2ab2
 .debug_abbrev  0x0000000000000000      0x13d ./hello_world_ta.o
 .debug_abbrev  0x000000000000013d      0x105 ./user_ta_header.o
 .debug_abbrev  0x0000000000000242      0x1b3 /home/optee/RPi3/optee_os/out/arm/export-ta_arm64/lib/libutee.a(user_ta_entry.o)
 .debug_abbrev  0x00000000000003f5      0x20c /home/optee/RPi3/optee_os/out/arm/export-ta_arm64/lib/libutee.a(tee_api_arith.o)
 .debug_abbrev  0x0000000000000601      0x20b /home/optee/RPi3/optee_os/out/arm/export-ta_arm64/lib/libutee.a(tee_api.o)
 .debug_abbrev  0x000000000000080c       0x81 /home/optee/RPi3/optee_os/out/arm/export-ta_arm64/lib/libutee.a(tee_api_panic.o)
 .debug_abbrev  0x000000000000088d       0xc9 /home/optee/RPi3/optee_os/out/arm/export-ta_arm64/lib/libutee.a(utee_misc.o)
 .debug_abbrev  0x0000000000000956      0x23d /home/optee/RPi3/optee_os/out/arm/export-ta_arm64/lib/libutee.a(tee_user_mem.o)
 .debug_abbrev  0x0000000000000b93      0x11b /home/optee/RPi3/optee_os/out/arm/export-ta_arm64/lib/libutee.a(trace_ext.o)
 .debug_abbrev  0x0000000000000cae       0xa0 /home/optee/RPi3/optee_os/out/arm/export-ta_arm64/lib/libutee.a(assert.o)
 .debug_abbrev  0x0000000000000d4e      0x228 /home/optee/RPi3/optee_os/out/arm/export-ta_arm64/lib/libutils.a(bget_malloc.o)
 .debug_abbrev  0x0000000000000f76       0xe4 /home/optee/RPi3/optee_os/out/arm/export-ta_arm64/lib/libutils.a(snprintf.o)
 .debug_abbrev  0x000000000000105a       0x82 /home/optee/RPi3/optee_os/out/arm/export-ta_arm64/lib/libutils.a(memcmp.o)
 .debug_abbrev  0x00000000000010dc       0x94 /home/optee/RPi3/optee_os/out/arm/export-ta_arm64/lib/libutils.a(memcpy.o)
 .debug_abbrev  0x0000000000001170       0x94 /home/optee/RPi3/optee_os/out/arm/export-ta_arm64/lib/libutils.a(memmove.o)
 .debug_abbrev  0x0000000000001204       0x93 /home/optee/RPi3/optee_os/out/arm/export-ta_arm64/lib/libutils.a(memset.o)
 .debug_abbrev  0x0000000000001297       0x79 /home/optee/RPi3/optee_os/out/arm/export-ta_arm64/lib/libutils.a(strlen.o)
 .debug_abbrev  0x0000000000001310      0x16b /home/optee/RPi3/optee_os/out/arm/export-ta_arm64/lib/libutils.a(snprintk.o)
 .debug_abbrev  0x000000000000147b       0x84 /home/optee/RPi3/optee_os/out/arm/export-ta_arm64/lib/libutils.a(strlcpy.o)
 .debug_abbrev  0x00000000000014ff      0x143 /home/optee/RPi3/optee_os/out/arm/export-ta_arm64/lib/libutils.a(trace.o)
 .debug_abbrev  0x0000000000001642       0xae /home/optee/RPi3/optee_os/out/arm/export-ta_arm64/lib/libutils.a(memchr.o)
 .debug_abbrev  0x00000000000016f0      0x115 /home/optee/RPi3/optee_os/out/arm/export-ta_arm64/lib/libmpa.a(mpa_misc.o)
 .debug_abbrev  0x0000000000001805      0x189 /home/optee/RPi3/optee_os/out/arm/export-ta_arm64/lib/libmpa.a(mpa_montgomery.o)
 .debug_abbrev  0x000000000000198e      0x169 /home/optee/RPi3/optee_os/out/arm/export-ta_arm64/lib/libmpa.a(mpa_primetest.o)
 .debug_abbrev  0x0000000000001af7       0xee /home/optee/RPi3/optee_os/out/arm/export-ta_arm64/lib/libmpa.a(mpa_conv.o)
 .debug_abbrev  0x0000000000001be5      0x18d /home/optee/RPi3/optee_os/out/arm/export-ta_arm64/lib/libmpa.a(mpa_div.o)
 .debug_abbrev  0x0000000000001d72      0x187 /home/optee/RPi3/optee_os/out/arm/export-ta_arm64/lib/libmpa.a(mpa_gcd.o)
 .debug_abbrev  0x0000000000001ef9      0x13b /home/optee/RPi3/optee_os/out/arm/export-ta_arm64/lib/libmpa.a(mpa_mem_static.o)
 .debug_abbrev  0x0000000000002034      0x128 /home/optee/RPi3/optee_os/out/arm/export-ta_arm64/lib/libmpa.a(mpa_mul.o)
 .debug_abbrev  0x000000000000215c      0x135 /home/optee/RPi3/optee_os/out/arm/export-ta_arm64/lib/libmpa.a(mpa_random.o)
 .debug_abbrev  0x0000000000002291       0xee /home/optee/RPi3/optee_os/out/arm/export-ta_arm64/lib/libmpa.a(mpa_shift.o)
 .debug_abbrev  0x000000000000237f      0x157 /home/optee/RPi3/optee_os/out/arm/export-ta_arm64/lib/libmpa.a(mpa_addsub.o)
 .debug_abbrev  0x00000000000024d6       0xf7 /home/optee/RPi3/optee_os/out/arm/export-ta_arm64/lib/libmpa.a(mpa_cmp.o)
 .debug_abbrev  0x00000000000025cd      0x107 /home/optee/RPi3/optee_os/out/arm/export-ta_arm64/lib/libmpa.a(mpa_expmod.o)
 .debug_abbrev  0x00000000000026d4       0xdf /home/optee/RPi3/optee_os/out/arm/export-ta_arm64/lib/libmpa.a(mpa_init.o)
 .debug_abbrev  0x00000000000027b3      0x1ef /home/optee/RPi3/optee_os/out/arm/export-ta_arm64/lib/libmpa.a(mpa_io.o)
 .debug_abbrev  0x00000000000029a2      0x110 /home/optee/RPi3/optee_os/out/arm/export-ta_arm64/lib/libmpa.a(mpa_modulus.o)

.debug_aranges  0x0000000000000000      0x6f0
 .debug_aranges
                0x0000000000000000       0x30 ./hello_world_ta.o
 .debug_aranges
                0x0000000000000030       0x30 ./user_ta_header.o
 .debug_aranges
                0x0000000000000060       0x30 /home/optee/RPi3/optee_os/out/arm/export-ta_arm64/lib/libutee.a(user_ta_entry.o)
 .debug_aranges
                0x0000000000000090       0x30 /home/optee/RPi3/optee_os/out/arm/export-ta_arm64/lib/libutee.a(tee_api_arith.o)
 .debug_aranges
                0x00000000000000c0       0x30 /home/optee/RPi3/optee_os/out/arm/export-ta_arm64/lib/libutee.a(tee_api.o)
 .debug_aranges
                0x00000000000000f0       0x30 /home/optee/RPi3/optee_os/out/arm/export-ta_arm64/lib/libutee.a(tee_api_panic.o)
 .debug_aranges
                0x0000000000000120       0x30 /home/optee/RPi3/optee_os/out/arm/export-ta_arm64/lib/libutee.a(utee_misc.o)
 .debug_aranges
                0x0000000000000150       0x30 /home/optee/RPi3/optee_os/out/arm/export-ta_arm64/lib/libutee.a(tee_user_mem.o)
 .debug_aranges
                0x0000000000000180       0x30 /home/optee/RPi3/optee_os/out/arm/export-ta_arm64/lib/libutee.a(trace_ext.o)
 .debug_aranges
                0x00000000000001b0       0x30 /home/optee/RPi3/optee_os/out/arm/export-ta_arm64/lib/libutee.a(assert.o)
 .debug_aranges
                0x00000000000001e0       0x30 /home/optee/RPi3/optee_os/out/arm/export-ta_arm64/lib/libutils.a(bget_malloc.o)
 .debug_aranges
                0x0000000000000210       0x30 /home/optee/RPi3/optee_os/out/arm/export-ta_arm64/lib/libutils.a(snprintf.o)
 .debug_aranges
                0x0000000000000240       0x30 /home/optee/RPi3/optee_os/out/arm/export-ta_arm64/lib/libutils.a(memcmp.o)
 .debug_aranges
                0x0000000000000270       0x30 /home/optee/RPi3/optee_os/out/arm/export-ta_arm64/lib/libutils.a(memcpy.o)
 .debug_aranges
                0x00000000000002a0       0x30 /home/optee/RPi3/optee_os/out/arm/export-ta_arm64/lib/libutils.a(memmove.o)
 .debug_aranges
                0x00000000000002d0       0x30 /home/optee/RPi3/optee_os/out/arm/export-ta_arm64/lib/libutils.a(memset.o)
 .debug_aranges
                0x0000000000000300       0x30 /home/optee/RPi3/optee_os/out/arm/export-ta_arm64/lib/libutils.a(strlen.o)
 .debug_aranges
                0x0000000000000330       0x30 /home/optee/RPi3/optee_os/out/arm/export-ta_arm64/lib/libutils.a(snprintk.o)
 .debug_aranges
                0x0000000000000360       0x30 /home/optee/RPi3/optee_os/out/arm/export-ta_arm64/lib/libutils.a(strlcpy.o)
 .debug_aranges
                0x0000000000000390       0x30 /home/optee/RPi3/optee_os/out/arm/export-ta_arm64/lib/libutils.a(trace.o)
 .debug_aranges
                0x00000000000003c0       0x30 /home/optee/RPi3/optee_os/out/arm/export-ta_arm64/lib/libutils.a(memchr.o)
 .debug_aranges
                0x00000000000003f0       0x30 /home/optee/RPi3/optee_os/out/arm/export-ta_arm64/lib/libmpa.a(mpa_misc.o)
 .debug_aranges
                0x0000000000000420       0x30 /home/optee/RPi3/optee_os/out/arm/export-ta_arm64/lib/libmpa.a(mpa_montgomery.o)
 .debug_aranges
                0x0000000000000450       0x30 /home/optee/RPi3/optee_os/out/arm/export-ta_arm64/lib/libmpa.a(mpa_primetest.o)
 .debug_aranges
                0x0000000000000480       0x30 /home/optee/RPi3/optee_os/out/arm/export-ta_arm64/lib/libmpa.a(mpa_conv.o)
 .debug_aranges
                0x00000000000004b0       0x30 /home/optee/RPi3/optee_os/out/arm/export-ta_arm64/lib/libmpa.a(mpa_div.o)
 .debug_aranges
                0x00000000000004e0       0x30 /home/optee/RPi3/optee_os/out/arm/export-ta_arm64/lib/libmpa.a(mpa_gcd.o)
 .debug_aranges
                0x0000000000000510       0x30 /home/optee/RPi3/optee_os/out/arm/export-ta_arm64/lib/libmpa.a(mpa_mem_static.o)
 .debug_aranges
                0x0000000000000540       0x30 /home/optee/RPi3/optee_os/out/arm/export-ta_arm64/lib/libmpa.a(mpa_mul.o)
 .debug_aranges
                0x0000000000000570       0x30 /home/optee/RPi3/optee_os/out/arm/export-ta_arm64/lib/libmpa.a(mpa_random.o)
 .debug_aranges
                0x00000000000005a0       0x30 /home/optee/RPi3/optee_os/out/arm/export-ta_arm64/lib/libmpa.a(mpa_shift.o)
 .debug_aranges
                0x00000000000005d0       0x30 /home/optee/RPi3/optee_os/out/arm/export-ta_arm64/lib/libmpa.a(mpa_addsub.o)
 .debug_aranges
                0x0000000000000600       0x30 /home/optee/RPi3/optee_os/out/arm/export-ta_arm64/lib/libmpa.a(mpa_cmp.o)
 .debug_aranges
                0x0000000000000630       0x30 /home/optee/RPi3/optee_os/out/arm/export-ta_arm64/lib/libmpa.a(mpa_expmod.o)
 .debug_aranges
                0x0000000000000660       0x30 /home/optee/RPi3/optee_os/out/arm/export-ta_arm64/lib/libmpa.a(mpa_init.o)
 .debug_aranges
                0x0000000000000690       0x30 /home/optee/RPi3/optee_os/out/arm/export-ta_arm64/lib/libmpa.a(mpa_io.o)
 .debug_aranges
                0x00000000000006c0       0x30 /home/optee/RPi3/optee_os/out/arm/export-ta_arm64/lib/libmpa.a(mpa_modulus.o)

.debug_macro    0x0000000000000000     0x4cd9
 .debug_macro   0x0000000000000000       0xc5 ./hello_world_ta.o
 .debug_macro   0x00000000000000c5      0x658 ./hello_world_ta.o
 .debug_macro   0x000000000000071d      0x16d ./hello_world_ta.o
 .debug_macro   0x000000000000088a       0x8e ./hello_world_ta.o
 .debug_macro   0x0000000000000918      0x908 ./hello_world_ta.o
 .debug_macro   0x0000000000001220      0x18b ./hello_world_ta.o
 .debug_macro   0x00000000000013ab       0x22 ./hello_world_ta.o
 .debug_macro   0x00000000000013cd       0x35 ./hello_world_ta.o
 .debug_macro   0x0000000000001402       0x10 ./hello_world_ta.o
 .debug_macro   0x0000000000001412       0x1c ./hello_world_ta.o
 .debug_macro   0x000000000000142e       0x34 ./hello_world_ta.o
 .debug_macro   0x0000000000001462       0x7b ./hello_world_ta.o
 .debug_macro   0x00000000000014dd       0x58 ./hello_world_ta.o
 .debug_macro   0x0000000000001535       0x1c ./hello_world_ta.o
 .debug_macro   0x0000000000001551       0xd3 ./user_ta_header.o
 .debug_macro   0x0000000000001624       0x76 ./user_ta_header.o
 .debug_macro   0x000000000000169a       0x22 ./user_ta_header.o
 .debug_macro   0x00000000000016bc      0x16b /home/optee/RPi3/optee_os/out/arm/export-ta_arm64/lib/libutee.a(user_ta_entry.o)
 .debug_macro   0x0000000000001827      0x652 /home/optee/RPi3/optee_os/out/arm/export-ta_arm64/lib/libutee.a(user_ta_entry.o)
 .debug_macro   0x0000000000001e79      0x1d2 /home/optee/RPi3/optee_os/out/arm/export-ta_arm64/lib/libutee.a(user_ta_entry.o)
 .debug_macro   0x000000000000204b       0x10 /home/optee/RPi3/optee_os/out/arm/export-ta_arm64/lib/libutee.a(user_ta_entry.o)
 .debug_macro   0x000000000000205b      0x2cd /home/optee/RPi3/optee_os/out/arm/export-ta_arm64/lib/libutee.a(user_ta_entry.o)
 .debug_macro   0x0000000000002328       0x7b /home/optee/RPi3/optee_os/out/arm/export-ta_arm64/lib/libutee.a(user_ta_entry.o)
 .debug_macro   0x00000000000023a3       0xca /home/optee/RPi3/optee_os/out/arm/export-ta_arm64/lib/libutee.a(user_ta_entry.o)
 .debug_macro   0x000000000000246d       0x3a /home/optee/RPi3/optee_os/out/arm/export-ta_arm64/lib/libutee.a(user_ta_entry.o)
 .debug_macro   0x00000000000024a7       0x7c /home/optee/RPi3/optee_os/out/arm/export-ta_arm64/lib/libutee.a(user_ta_entry.o)
 .debug_macro   0x0000000000002523       0x10 /home/optee/RPi3/optee_os/out/arm/export-ta_arm64/lib/libutee.a(user_ta_entry.o)
 .debug_macro   0x0000000000002533      0x150 /home/optee/RPi3/optee_os/out/arm/export-ta_arm64/lib/libutee.a(tee_api_arith.o)
 .debug_macro   0x0000000000002683       0x10 /home/optee/RPi3/optee_os/out/arm/export-ta_arm64/lib/libutee.a(tee_api_arith.o)
 .debug_macro   0x0000000000002693       0x4c /home/optee/RPi3/optee_os/out/arm/export-ta_arm64/lib/libutee.a(tee_api_arith.o)
 .debug_macro   0x00000000000026df       0x16 /home/optee/RPi3/optee_os/out/arm/export-ta_arm64/lib/libutee.a(tee_api_arith.o)
 .debug_macro   0x00000000000026f5       0x74 /home/optee/RPi3/optee_os/out/arm/export-ta_arm64/lib/libutee.a(tee_api_arith.o)
 .debug_macro   0x0000000000002769      0x15a /home/optee/RPi3/optee_os/out/arm/export-ta_arm64/lib/libutee.a(tee_api.o)
 .debug_macro   0x00000000000028c3       0xc4 /home/optee/RPi3/optee_os/out/arm/export-ta_arm64/lib/libutee.a(tee_api.o)
 .debug_macro   0x0000000000002987       0xad /home/optee/RPi3/optee_os/out/arm/export-ta_arm64/lib/libutee.a(tee_api_panic.o)
 .debug_macro   0x0000000000002a34       0xf5 /home/optee/RPi3/optee_os/out/arm/export-ta_arm64/lib/libutee.a(utee_misc.o)
 .debug_macro   0x0000000000002b29      0x148 /home/optee/RPi3/optee_os/out/arm/export-ta_arm64/lib/libutee.a(tee_user_mem.o)
 .debug_macro   0x0000000000002c71      0x1ac /home/optee/RPi3/optee_os/out/arm/export-ta_arm64/lib/libutee.a(tee_user_mem.o)
 .debug_macro   0x0000000000002e1d       0x16 /home/optee/RPi3/optee_os/out/arm/export-ta_arm64/lib/libutee.a(tee_user_mem.o)
 .debug_macro   0x0000000000002e33       0x64 /home/optee/RPi3/optee_os/out/arm/export-ta_arm64/lib/libutee.a(tee_user_mem.o)
 .debug_macro   0x0000000000002e97       0xde /home/optee/RPi3/optee_os/out/arm/export-ta_arm64/lib/libutee.a(trace_ext.o)
 .debug_macro   0x0000000000002f75       0x5e /home/optee/RPi3/optee_os/out/arm/export-ta_arm64/lib/libutee.a(trace_ext.o)
 .debug_macro   0x0000000000002fd3       0xf5 /home/optee/RPi3/optee_os/out/arm/export-ta_arm64/lib/libutee.a(assert.o)
 .debug_macro   0x00000000000030c8       0x10 /home/optee/RPi3/optee_os/out/arm/export-ta_arm64/lib/libutee.a(assert.o)
 .debug_macro   0x00000000000030d8      0x131 /home/optee/RPi3/optee_os/out/arm/export-ta_arm64/lib/libutils.a(bget_malloc.o)
 .debug_macro   0x0000000000003209       0x3c /home/optee/RPi3/optee_os/out/arm/export-ta_arm64/lib/libutils.a(bget_malloc.o)
 .debug_macro   0x0000000000003245       0x4d /home/optee/RPi3/optee_os/out/arm/export-ta_arm64/lib/libutils.a(snprintf.o)
 .debug_macro   0x0000000000003292       0x51 /home/optee/RPi3/optee_os/out/arm/export-ta_arm64/lib/libutils.a(memcmp.o)
 .debug_macro   0x00000000000032e3      0x652 /home/optee/RPi3/optee_os/out/arm/export-ta_arm64/lib/libutils.a(memcmp.o)
 .debug_macro   0x0000000000003935       0x7c /home/optee/RPi3/optee_os/out/arm/export-ta_arm64/lib/libutils.a(memcmp.o)
 .debug_macro   0x00000000000039b1       0x57 /home/optee/RPi3/optee_os/out/arm/export-ta_arm64/lib/libutils.a(memcpy.o)
 .debug_macro   0x0000000000003a08       0x64 /home/optee/RPi3/optee_os/out/arm/export-ta_arm64/lib/libutils.a(memmove.o)
 .debug_macro   0x0000000000003a6c       0x51 /home/optee/RPi3/optee_os/out/arm/export-ta_arm64/lib/libutils.a(memset.o)
 .debug_macro   0x0000000000003abd       0x5a /home/optee/RPi3/optee_os/out/arm/export-ta_arm64/lib/libutils.a(strlen.o)
 .debug_macro   0x0000000000003b17      0x127 /home/optee/RPi3/optee_os/out/arm/export-ta_arm64/lib/libutils.a(snprintk.o)
 .debug_macro   0x0000000000003c3e       0x87 /home/optee/RPi3/optee_os/out/arm/export-ta_arm64/lib/libutils.a(strlcpy.o)
 .debug_macro   0x0000000000003cc5       0xcc /home/optee/RPi3/optee_os/out/arm/export-ta_arm64/lib/libutils.a(trace.o)
 .debug_macro   0x0000000000003d91       0x66 /home/optee/RPi3/optee_os/out/arm/export-ta_arm64/lib/libutils.a(memchr.o)
 .debug_macro   0x0000000000003df7       0xdd /home/optee/RPi3/optee_os/out/arm/export-ta_arm64/lib/libmpa.a(mpa_misc.o)
 .debug_macro   0x0000000000003ed4       0xa6 /home/optee/RPi3/optee_os/out/arm/export-ta_arm64/lib/libmpa.a(mpa_misc.o)
 .debug_macro   0x0000000000003f7a       0xdd /home/optee/RPi3/optee_os/out/arm/export-ta_arm64/lib/libmpa.a(mpa_montgomery.o)
 .debug_macro   0x0000000000004057       0xff /home/optee/RPi3/optee_os/out/arm/export-ta_arm64/lib/libmpa.a(mpa_primetest.o)
 .debug_macro   0x0000000000004156       0xdd /home/optee/RPi3/optee_os/out/arm/export-ta_arm64/lib/libmpa.a(mpa_conv.o)
 .debug_macro   0x0000000000004233       0xdd /home/optee/RPi3/optee_os/out/arm/export-ta_arm64/lib/libmpa.a(mpa_div.o)
 .debug_macro   0x0000000000004310       0xdd /home/optee/RPi3/optee_os/out/arm/export-ta_arm64/lib/libmpa.a(mpa_gcd.o)
 .debug_macro   0x00000000000043ed      0x102 /home/optee/RPi3/optee_os/out/arm/export-ta_arm64/lib/libmpa.a(mpa_mem_static.o)
 .debug_macro   0x00000000000044ef       0xdd /home/optee/RPi3/optee_os/out/arm/export-ta_arm64/lib/libmpa.a(mpa_mul.o)
 .debug_macro   0x00000000000045cc       0xf9 /home/optee/RPi3/optee_os/out/arm/export-ta_arm64/lib/libmpa.a(mpa_random.o)
 .debug_macro   0x00000000000046c5       0xdd /home/optee/RPi3/optee_os/out/arm/export-ta_arm64/lib/libmpa.a(mpa_shift.o)
 .debug_macro   0x00000000000047a2       0xdd /home/optee/RPi3/optee_os/out/arm/export-ta_arm64/lib/libmpa.a(mpa_addsub.o)
 .debug_macro   0x000000000000487f       0xdd /home/optee/RPi3/optee_os/out/arm/export-ta_arm64/lib/libmpa.a(mpa_cmp.o)
 .debug_macro   0x000000000000495c       0xdd /home/optee/RPi3/optee_os/out/arm/export-ta_arm64/lib/libmpa.a(mpa_expmod.o)
 .debug_macro   0x0000000000004a39       0xdd /home/optee/RPi3/optee_os/out/arm/export-ta_arm64/lib/libmpa.a(mpa_init.o)
 .debug_macro   0x0000000000004b16       0xe6 /home/optee/RPi3/optee_os/out/arm/export-ta_arm64/lib/libmpa.a(mpa_io.o)
 .debug_macro   0x0000000000004bfc       0xdd /home/optee/RPi3/optee_os/out/arm/export-ta_arm64/lib/libmpa.a(mpa_modulus.o)

.debug_line     0x0000000000000000     0x641c
 .debug_line    0x0000000000000000      0x1f4 ./hello_world_ta.o
 .debug_line    0x00000000000001f4      0x213 ./user_ta_header.o
 .debug_line    0x0000000000000407      0x38a /home/optee/RPi3/optee_os/out/arm/export-ta_arm64/lib/libutee.a(user_ta_entry.o)
 .debug_line    0x0000000000000791      0x389 /home/optee/RPi3/optee_os/out/arm/export-ta_arm64/lib/libutee.a(tee_api_arith.o)
 .debug_line    0x0000000000000b1a      0x382 /home/optee/RPi3/optee_os/out/arm/export-ta_arm64/lib/libutee.a(tee_api.o)
 .debug_line    0x0000000000000e9c      0x1c1 /home/optee/RPi3/optee_os/out/arm/export-ta_arm64/lib/libutee.a(tee_api_panic.o)
 .debug_line    0x000000000000105d      0x232 /home/optee/RPi3/optee_os/out/arm/export-ta_arm64/lib/libutee.a(utee_misc.o)
 .debug_line    0x000000000000128f      0x396 /home/optee/RPi3/optee_os/out/arm/export-ta_arm64/lib/libutee.a(tee_user_mem.o)
 .debug_line    0x0000000000001625      0x245 /home/optee/RPi3/optee_os/out/arm/export-ta_arm64/lib/libutee.a(trace_ext.o)
 .debug_line    0x000000000000186a      0x225 /home/optee/RPi3/optee_os/out/arm/export-ta_arm64/lib/libutee.a(assert.o)
 .debug_line    0x0000000000001a8f      0x596 /home/optee/RPi3/optee_os/out/arm/export-ta_arm64/lib/libutils.a(bget_malloc.o)
 .debug_line    0x0000000000002025      0x147 /home/optee/RPi3/optee_os/out/arm/export-ta_arm64/lib/libutils.a(snprintf.o)
 .debug_line    0x000000000000216c      0x14d /home/optee/RPi3/optee_os/out/arm/export-ta_arm64/lib/libutils.a(memcmp.o)
 .debug_line    0x00000000000022b9      0x150 /home/optee/RPi3/optee_os/out/arm/export-ta_arm64/lib/libutils.a(memcpy.o)
 .debug_line    0x0000000000002409      0x16d /home/optee/RPi3/optee_os/out/arm/export-ta_arm64/lib/libutils.a(memmove.o)
 .debug_line    0x0000000000002576      0x15c /home/optee/RPi3/optee_os/out/arm/export-ta_arm64/lib/libutils.a(memset.o)
 .debug_line    0x00000000000026d2      0x14a /home/optee/RPi3/optee_os/out/arm/export-ta_arm64/lib/libutils.a(strlen.o)
 .debug_line    0x000000000000281c      0x973 /home/optee/RPi3/optee_os/out/arm/export-ta_arm64/lib/libutils.a(snprintk.o)
 .debug_line    0x000000000000318f      0x1a1 /home/optee/RPi3/optee_os/out/arm/export-ta_arm64/lib/libutils.a(strlcpy.o)
 .debug_line    0x0000000000003330      0x250 /home/optee/RPi3/optee_os/out/arm/export-ta_arm64/lib/libutils.a(trace.o)
 .debug_line    0x0000000000003580      0x16a /home/optee/RPi3/optee_os/out/arm/export-ta_arm64/lib/libutils.a(memchr.o)
 .debug_line    0x00000000000036ea      0x228 /home/optee/RPi3/optee_os/out/arm/export-ta_arm64/lib/libmpa.a(mpa_misc.o)
 .debug_line    0x0000000000003912      0x2e7 /home/optee/RPi3/optee_os/out/arm/export-ta_arm64/lib/libmpa.a(mpa_montgomery.o)
 .debug_line    0x0000000000003bf9      0x29c /home/optee/RPi3/optee_os/out/arm/export-ta_arm64/lib/libmpa.a(mpa_primetest.o)
 .debug_line    0x0000000000003e95      0x255 /home/optee/RPi3/optee_os/out/arm/export-ta_arm64/lib/libmpa.a(mpa_conv.o)
 .debug_line    0x00000000000040ea      0x49a /home/optee/RPi3/optee_os/out/arm/export-ta_arm64/lib/libmpa.a(mpa_div.o)
 .debug_line    0x0000000000004584      0x3db /home/optee/RPi3/optee_os/out/arm/export-ta_arm64/lib/libmpa.a(mpa_gcd.o)
 .debug_line    0x000000000000495f      0x25d /home/optee/RPi3/optee_os/out/arm/export-ta_arm64/lib/libmpa.a(mpa_mem_static.o)
 .debug_line    0x0000000000004bbc      0x2d2 /home/optee/RPi3/optee_os/out/arm/export-ta_arm64/lib/libmpa.a(mpa_mul.o)
 .debug_line    0x0000000000004e8e      0x265 /home/optee/RPi3/optee_os/out/arm/export-ta_arm64/lib/libmpa.a(mpa_random.o)
 .debug_line    0x00000000000050f3      0x2c1 /home/optee/RPi3/optee_os/out/arm/export-ta_arm64/lib/libmpa.a(mpa_shift.o)
 .debug_line    0x00000000000053b4      0x3da /home/optee/RPi3/optee_os/out/arm/export-ta_arm64/lib/libmpa.a(mpa_addsub.o)
 .debug_line    0x000000000000578e      0x2ab /home/optee/RPi3/optee_os/out/arm/export-ta_arm64/lib/libmpa.a(mpa_cmp.o)
 .debug_line    0x0000000000005a39      0x208 /home/optee/RPi3/optee_os/out/arm/export-ta_arm64/lib/libmpa.a(mpa_expmod.o)
 .debug_line    0x0000000000005c41      0x1f4 /home/optee/RPi3/optee_os/out/arm/export-ta_arm64/lib/libmpa.a(mpa_init.o)
 .debug_line    0x0000000000005e35      0x3d0 /home/optee/RPi3/optee_os/out/arm/export-ta_arm64/lib/libmpa.a(mpa_io.o)
 .debug_line    0x0000000000006205      0x217 /home/optee/RPi3/optee_os/out/arm/export-ta_arm64/lib/libmpa.a(mpa_modulus.o)

.debug_str      0x0000000000000000     0xee34
 .debug_str     0x0000000000000000     0x638b ./hello_world_ta.o
                                       0x64e2 (size before relaxing)
 .debug_str     0x000000000000638b      0x65d ./user_ta_header.o
                                       0x69ef (size before relaxing)
 .debug_str     0x00000000000069e8     0x4195 /home/optee/RPi3/optee_os/out/arm/export-ta_arm64/lib/libutee.a(user_ta_entry.o)
                                       0xa5cf (size before relaxing)
 .debug_str     0x000000000000ab7d      0xadd /home/optee/RPi3/optee_os/out/arm/export-ta_arm64/lib/libutee.a(tee_api_arith.o)
                                       0x7902 (size before relaxing)
 .debug_str     0x000000000000b65a      0x384 /home/optee/RPi3/optee_os/out/arm/export-ta_arm64/lib/libutee.a(tee_api.o)
                                       0x748d (size before relaxing)
 .debug_str     0x000000000000b9de       0x32 /home/optee/RPi3/optee_os/out/arm/export-ta_arm64/lib/libutee.a(tee_api_panic.o)
                                       0x698a (size before relaxing)
 .debug_str     0x000000000000ba10       0x72 /home/optee/RPi3/optee_os/out/arm/export-ta_arm64/lib/libutee.a(utee_misc.o)
                                       0x6be8 (size before relaxing)
 .debug_str     0x000000000000ba82     0x11ce /home/optee/RPi3/optee_os/out/arm/export-ta_arm64/lib/libutee.a(tee_user_mem.o)
                                       0xb1d2 (size before relaxing)
 .debug_str     0x000000000000cc50       0xa1 /home/optee/RPi3/optee_os/out/arm/export-ta_arm64/lib/libutee.a(trace_ext.o)
                                       0x6e64 (size before relaxing)
 .debug_str     0x000000000000ccf1       0x39 /home/optee/RPi3/optee_os/out/arm/export-ta_arm64/lib/libutee.a(assert.o)
                                       0x6c4e (size before relaxing)
 .debug_str     0x000000000000cd2a      0x561 /home/optee/RPi3/optee_os/out/arm/export-ta_arm64/lib/libutils.a(bget_malloc.o)
                                       0x42a9 (size before relaxing)
 .debug_str     0x000000000000d28b       0x2e /home/optee/RPi3/optee_os/out/arm/export-ta_arm64/lib/libutils.a(snprintf.o)
                                       0x2857 (size before relaxing)
 .debug_str     0x000000000000d2b9      0x2d2 /home/optee/RPi3/optee_os/out/arm/export-ta_arm64/lib/libutils.a(memcmp.o)
                                       0x28cf (size before relaxing)
 .debug_str     0x000000000000d58b       0xaf /home/optee/RPi3/optee_os/out/arm/export-ta_arm64/lib/libutils.a(memcpy.o)
                                       0x2915 (size before relaxing)
 .debug_str     0x000000000000d63a       0x3c /home/optee/RPi3/optee_os/out/arm/export-ta_arm64/lib/libutils.a(memmove.o)
                                       0x2b00 (size before relaxing)
 .debug_str     0x000000000000d676       0x59 /home/optee/RPi3/optee_os/out/arm/export-ta_arm64/lib/libutils.a(memset.o)
                                       0x28b3 (size before relaxing)
 .debug_str     0x000000000000d6cf       0x70 /home/optee/RPi3/optee_os/out/arm/export-ta_arm64/lib/libutils.a(strlen.o)
                                       0x2ab4 (size before relaxing)
 .debug_str     0x000000000000d73f      0x581 /home/optee/RPi3/optee_os/out/arm/export-ta_arm64/lib/libutils.a(snprintk.o)
                                       0x336a (size before relaxing)
 .debug_str     0x000000000000dcc0       0x23 /home/optee/RPi3/optee_os/out/arm/export-ta_arm64/lib/libutils.a(strlcpy.o)
                                       0x3060 (size before relaxing)
 .debug_str     0x000000000000dce3       0x87 /home/optee/RPi3/optee_os/out/arm/export-ta_arm64/lib/libutils.a(trace.o)
                                       0x3d02 (size before relaxing)
 .debug_str     0x000000000000dd6a       0x84 /home/optee/RPi3/optee_os/out/arm/export-ta_arm64/lib/libutils.a(memchr.o)
                                       0x2b14 (size before relaxing)
 .debug_str     0x000000000000ddee      0x573 /home/optee/RPi3/optee_os/out/arm/export-ta_arm64/lib/libmpa.a(mpa_misc.o)
                                       0x3f4b (size before relaxing)
 .debug_str     0x000000000000e361       0xd8 /home/optee/RPi3/optee_os/out/arm/export-ta_arm64/lib/libmpa.a(mpa_montgomery.o)
                                       0x4017 (size before relaxing)
 .debug_str     0x000000000000e439      0x185 /home/optee/RPi3/optee_os/out/arm/export-ta_arm64/lib/libmpa.a(mpa_primetest.o)
                                       0x40b3 (size before relaxing)
 .debug_str     0x000000000000e5be       0x52 /home/optee/RPi3/optee_os/out/arm/export-ta_arm64/lib/libmpa.a(mpa_conv.o)
                                       0x3ecc (size before relaxing)
 .debug_str     0x000000000000e610       0xf4 /home/optee/RPi3/optee_os/out/arm/export-ta_arm64/lib/libmpa.a(mpa_div.o)
                                       0x4009 (size before relaxing)
 .debug_str     0x000000000000e704       0x9c /home/optee/RPi3/optee_os/out/arm/export-ta_arm64/lib/libmpa.a(mpa_gcd.o)
                                       0x3fad (size before relaxing)
 .debug_str     0x000000000000e7a0      0x10f /home/optee/RPi3/optee_os/out/arm/export-ta_arm64/lib/libmpa.a(mpa_mem_static.o)
                                       0x4757 (size before relaxing)
 .debug_str     0x000000000000e8af       0x81 /home/optee/RPi3/optee_os/out/arm/export-ta_arm64/lib/libmpa.a(mpa_mul.o)
                                       0x3fad (size before relaxing)
 .debug_str     0x000000000000e930       0x6d /home/optee/RPi3/optee_os/out/arm/export-ta_arm64/lib/libmpa.a(mpa_random.o)
                                       0x72c9 (size before relaxing)
 .debug_str     0x000000000000e99d       0x81 /home/optee/RPi3/optee_os/out/arm/export-ta_arm64/lib/libmpa.a(mpa_shift.o)
                                       0x3efb (size before relaxing)
 .debug_str     0x000000000000ea1e      0x124 /home/optee/RPi3/optee_os/out/arm/export-ta_arm64/lib/libmpa.a(mpa_addsub.o)
                                       0x406c (size before relaxing)
 .debug_str     0x000000000000eb42       0x77 /home/optee/RPi3/optee_os/out/arm/export-ta_arm64/lib/libmpa.a(mpa_cmp.o)
                                       0x3f04 (size before relaxing)
 .debug_str     0x000000000000ebb9       0x3f /home/optee/RPi3/optee_os/out/arm/export-ta_arm64/lib/libmpa.a(mpa_expmod.o)
                                       0x3f5f (size before relaxing)
 .debug_str     0x000000000000ebf8       0x42 /home/optee/RPi3/optee_os/out/arm/export-ta_arm64/lib/libmpa.a(mpa_init.o)
                                       0x3f06 (size before relaxing)
 .debug_str     0x000000000000ec3a      0x1a9 /home/optee/RPi3/optee_os/out/arm/export-ta_arm64/lib/libmpa.a(mpa_io.o)
                                       0x415b (size before relaxing)
 .debug_str     0x000000000000ede3       0x51 /home/optee/RPi3/optee_os/out/arm/export-ta_arm64/lib/libmpa.a(mpa_modulus.o)
                                       0x3f66 (size before relaxing)

.comment        0x0000000000000000       0x2d
 .comment       0x0000000000000000       0x2d ./hello_world_ta.o
                                         0x2e (size before relaxing)
 .comment       0x000000000000002d       0x2e ./user_ta_header.o
 .comment       0x000000000000002d       0x2e /home/optee/RPi3/optee_os/out/arm/export-ta_arm64/lib/libutee.a(user_ta_entry.o)
 .comment       0x000000000000002d       0x2e /home/optee/RPi3/optee_os/out/arm/export-ta_arm64/lib/libutee.a(tee_api_arith.o)
 .comment       0x000000000000002d       0x2e /home/optee/RPi3/optee_os/out/arm/export-ta_arm64/lib/libutee.a(tee_api.o)
 .comment       0x000000000000002d       0x2e /home/optee/RPi3/optee_os/out/arm/export-ta_arm64/lib/libutee.a(tee_api_panic.o)
 .comment       0x000000000000002d       0x2e /home/optee/RPi3/optee_os/out/arm/export-ta_arm64/lib/libutee.a(utee_misc.o)
 .comment       0x000000000000002d       0x2e /home/optee/RPi3/optee_os/out/arm/export-ta_arm64/lib/libutee.a(tee_user_mem.o)
 .comment       0x000000000000002d       0x2e /home/optee/RPi3/optee_os/out/arm/export-ta_arm64/lib/libutee.a(trace_ext.o)
 .comment       0x000000000000002d       0x2e /home/optee/RPi3/optee_os/out/arm/export-ta_arm64/lib/libutee.a(assert.o)
 .comment       0x000000000000002d       0x2e /home/optee/RPi3/optee_os/out/arm/export-ta_arm64/lib/libutils.a(bget_malloc.o)
 .comment       0x000000000000002d       0x2e /home/optee/RPi3/optee_os/out/arm/export-ta_arm64/lib/libutils.a(snprintf.o)
 .comment       0x000000000000002d       0x2e /home/optee/RPi3/optee_os/out/arm/export-ta_arm64/lib/libutils.a(memcmp.o)
 .comment       0x000000000000002d       0x2e /home/optee/RPi3/optee_os/out/arm/export-ta_arm64/lib/libutils.a(memcpy.o)
 .comment       0x000000000000002d       0x2e /home/optee/RPi3/optee_os/out/arm/export-ta_arm64/lib/libutils.a(memmove.o)
 .comment       0x000000000000002d       0x2e /home/optee/RPi3/optee_os/out/arm/export-ta_arm64/lib/libutils.a(memset.o)
 .comment       0x000000000000002d       0x2e /home/optee/RPi3/optee_os/out/arm/export-ta_arm64/lib/libutils.a(strlen.o)
 .comment       0x000000000000002d       0x2e /home/optee/RPi3/optee_os/out/arm/export-ta_arm64/lib/libutils.a(snprintk.o)
 .comment       0x000000000000002d       0x2e /home/optee/RPi3/optee_os/out/arm/export-ta_arm64/lib/libutils.a(strlcpy.o)
 .comment       0x000000000000002d       0x2e /home/optee/RPi3/optee_os/out/arm/export-ta_arm64/lib/libutils.a(trace.o)
 .comment       0x000000000000002d       0x2e /home/optee/RPi3/optee_os/out/arm/export-ta_arm64/lib/libutils.a(memchr.o)
 .comment       0x000000000000002d       0x2e /home/optee/RPi3/optee_os/out/arm/export-ta_arm64/lib/libmpa.a(mpa_misc.o)
 .comment       0x000000000000002d       0x2e /home/optee/RPi3/optee_os/out/arm/export-ta_arm64/lib/libmpa.a(mpa_montgomery.o)
 .comment       0x000000000000002d       0x2e /home/optee/RPi3/optee_os/out/arm/export-ta_arm64/lib/libmpa.a(mpa_primetest.o)
 .comment       0x000000000000002d       0x2e /home/optee/RPi3/optee_os/out/arm/export-ta_arm64/lib/libmpa.a(mpa_conv.o)
 .comment       0x000000000000002d       0x2e /home/optee/RPi3/optee_os/out/arm/export-ta_arm64/lib/libmpa.a(mpa_div.o)
 .comment       0x000000000000002d       0x2e /home/optee/RPi3/optee_os/out/arm/export-ta_arm64/lib/libmpa.a(mpa_gcd.o)
 .comment       0x000000000000002d       0x2e /home/optee/RPi3/optee_os/out/arm/export-ta_arm64/lib/libmpa.a(mpa_mem_static.o)
 .comment       0x000000000000002d       0x2e /home/optee/RPi3/optee_os/out/arm/export-ta_arm64/lib/libmpa.a(mpa_mul.o)
 .comment       0x000000000000002d       0x2e /home/optee/RPi3/optee_os/out/arm/export-ta_arm64/lib/libmpa.a(mpa_random.o)
 .comment       0x000000000000002d       0x2e /home/optee/RPi3/optee_os/out/arm/export-ta_arm64/lib/libmpa.a(mpa_shift.o)
 .comment       0x000000000000002d       0x2e /home/optee/RPi3/optee_os/out/arm/export-ta_arm64/lib/libmpa.a(mpa_addsub.o)
 .comment       0x000000000000002d       0x2e /home/optee/RPi3/optee_os/out/arm/export-ta_arm64/lib/libmpa.a(mpa_cmp.o)
 .comment       0x000000000000002d       0x2e /home/optee/RPi3/optee_os/out/arm/export-ta_arm64/lib/libmpa.a(mpa_expmod.o)
 .comment       0x000000000000002d       0x2e /home/optee/RPi3/optee_os/out/arm/export-ta_arm64/lib/libmpa.a(mpa_init.o)
 .comment       0x000000000000002d       0x2e /home/optee/RPi3/optee_os/out/arm/export-ta_arm64/lib/libmpa.a(mpa_io.o)
 .comment       0x000000000000002d       0x2e /home/optee/RPi3/optee_os/out/arm/export-ta_arm64/lib/libmpa.a(mpa_modulus.o)

.note.GNU-stack
                0x0000000000000000        0x0
 .note.GNU-stack
                0x0000000000000000        0x0 ./hello_world_ta.o
 .note.GNU-stack
                0x0000000000000000        0x0 ./user_ta_header.o
 .note.GNU-stack
                0x0000000000000000        0x0 /home/optee/RPi3/optee_os/out/arm/export-ta_arm64/lib/libutee.a(user_ta_entry.o)
 .note.GNU-stack
                0x0000000000000000        0x0 /home/optee/RPi3/optee_os/out/arm/export-ta_arm64/lib/libutee.a(tee_api_arith.o)
 .note.GNU-stack
                0x0000000000000000        0x0 /home/optee/RPi3/optee_os/out/arm/export-ta_arm64/lib/libutee.a(tee_api.o)
 .note.GNU-stack
                0x0000000000000000        0x0 /home/optee/RPi3/optee_os/out/arm/export-ta_arm64/lib/libutee.a(tee_api_panic.o)
 .note.GNU-stack
                0x0000000000000000        0x0 /home/optee/RPi3/optee_os/out/arm/export-ta_arm64/lib/libutee.a(utee_misc.o)
 .note.GNU-stack
                0x0000000000000000        0x0 /home/optee/RPi3/optee_os/out/arm/export-ta_arm64/lib/libutee.a(tee_user_mem.o)
 .note.GNU-stack
                0x0000000000000000        0x0 /home/optee/RPi3/optee_os/out/arm/export-ta_arm64/lib/libutee.a(trace_ext.o)
 .note.GNU-stack
                0x0000000000000000        0x0 /home/optee/RPi3/optee_os/out/arm/export-ta_arm64/lib/libutee.a(assert.o)
 .note.GNU-stack
                0x0000000000000000        0x0 /home/optee/RPi3/optee_os/out/arm/export-ta_arm64/lib/libutils.a(bget_malloc.o)
 .note.GNU-stack
                0x0000000000000000        0x0 /home/optee/RPi3/optee_os/out/arm/export-ta_arm64/lib/libutils.a(snprintf.o)
 .note.GNU-stack
                0x0000000000000000        0x0 /home/optee/RPi3/optee_os/out/arm/export-ta_arm64/lib/libutils.a(memcmp.o)
 .note.GNU-stack
                0x0000000000000000        0x0 /home/optee/RPi3/optee_os/out/arm/export-ta_arm64/lib/libutils.a(memcpy.o)
 .note.GNU-stack
                0x0000000000000000        0x0 /home/optee/RPi3/optee_os/out/arm/export-ta_arm64/lib/libutils.a(memmove.o)
 .note.GNU-stack
                0x0000000000000000        0x0 /home/optee/RPi3/optee_os/out/arm/export-ta_arm64/lib/libutils.a(memset.o)
 .note.GNU-stack
                0x0000000000000000        0x0 /home/optee/RPi3/optee_os/out/arm/export-ta_arm64/lib/libutils.a(strlen.o)
 .note.GNU-stack
                0x0000000000000000        0x0 /home/optee/RPi3/optee_os/out/arm/export-ta_arm64/lib/libutils.a(snprintk.o)
 .note.GNU-stack
                0x0000000000000000        0x0 /home/optee/RPi3/optee_os/out/arm/export-ta_arm64/lib/libutils.a(strlcpy.o)
 .note.GNU-stack
                0x0000000000000000        0x0 /home/optee/RPi3/optee_os/out/arm/export-ta_arm64/lib/libutils.a(trace.o)
 .note.GNU-stack
                0x0000000000000000        0x0 /home/optee/RPi3/optee_os/out/arm/export-ta_arm64/lib/libutils.a(memchr.o)
 .note.GNU-stack
                0x0000000000000000        0x0 /home/optee/RPi3/optee_os/out/arm/export-ta_arm64/lib/libmpa.a(mpa_misc.o)
 .note.GNU-stack
                0x0000000000000000        0x0 /home/optee/RPi3/optee_os/out/arm/export-ta_arm64/lib/libmpa.a(mpa_montgomery.o)
 .note.GNU-stack
                0x0000000000000000        0x0 /home/optee/RPi3/optee_os/out/arm/export-ta_arm64/lib/libmpa.a(mpa_primetest.o)
 .note.GNU-stack
                0x0000000000000000        0x0 /home/optee/RPi3/optee_os/out/arm/export-ta_arm64/lib/libmpa.a(mpa_conv.o)
 .note.GNU-stack
                0x0000000000000000        0x0 /home/optee/RPi3/optee_os/out/arm/export-ta_arm64/lib/libmpa.a(mpa_div.o)
 .note.GNU-stack
                0x0000000000000000        0x0 /home/optee/RPi3/optee_os/out/arm/export-ta_arm64/lib/libmpa.a(mpa_gcd.o)
 .note.GNU-stack
                0x0000000000000000        0x0 /home/optee/RPi3/optee_os/out/arm/export-ta_arm64/lib/libmpa.a(mpa_mem_static.o)
 .note.GNU-stack
                0x0000000000000000        0x0 /home/optee/RPi3/optee_os/out/arm/export-ta_arm64/lib/libmpa.a(mpa_mul.o)
 .note.GNU-stack
                0x0000000000000000        0x0 /home/optee/RPi3/optee_os/out/arm/export-ta_arm64/lib/libmpa.a(mpa_random.o)
 .note.GNU-stack
                0x0000000000000000        0x0 /home/optee/RPi3/optee_os/out/arm/export-ta_arm64/lib/libmpa.a(mpa_shift.o)
 .note.GNU-stack
                0x0000000000000000        0x0 /home/optee/RPi3/optee_os/out/arm/export-ta_arm64/lib/libmpa.a(mpa_addsub.o)
 .note.GNU-stack
                0x0000000000000000        0x0 /home/optee/RPi3/optee_os/out/arm/export-ta_arm64/lib/libmpa.a(mpa_cmp.o)
 .note.GNU-stack
                0x0000000000000000        0x0 /home/optee/RPi3/optee_os/out/arm/export-ta_arm64/lib/libmpa.a(mpa_expmod.o)
 .note.GNU-stack
                0x0000000000000000        0x0 /home/optee/RPi3/optee_os/out/arm/export-ta_arm64/lib/libmpa.a(mpa_init.o)
 .note.GNU-stack
                0x0000000000000000        0x0 /home/optee/RPi3/optee_os/out/arm/export-ta_arm64/lib/libmpa.a(mpa_io.o)
 .note.GNU-stack
                0x0000000000000000        0x0 /home/optee/RPi3/optee_os/out/arm/export-ta_arm64/lib/libmpa.a(mpa_modulus.o)

.debug_frame    0x0000000000000000     0x2968
 .debug_frame   0x0000000000000000      0x100 ./hello_world_ta.o
 .debug_frame   0x0000000000000100       0x28 ./user_ta_header.o
 .debug_frame   0x0000000000000128      0x160 /home/optee/RPi3/optee_os/out/arm/export-ta_arm64/lib/libutee.a(user_ta_entry.o)
 .debug_frame   0x0000000000000288      0x550 /home/optee/RPi3/optee_os/out/arm/export-ta_arm64/lib/libutee.a(tee_api_arith.o)
 .debug_frame   0x00000000000007d8      0x3e0 /home/optee/RPi3/optee_os/out/arm/export-ta_arm64/lib/libutee.a(tee_api.o)
 .debug_frame   0x0000000000000bb8       0x60 /home/optee/RPi3/optee_os/out/arm/export-ta_arm64/lib/libutee.a(tee_api_panic.o)
 .debug_frame   0x0000000000000c18       0xf0 /home/optee/RPi3/optee_os/out/arm/export-ta_arm64/lib/libutee.a(utee_misc.o)
 .debug_frame   0x0000000000000d08      0x2a8 /home/optee/RPi3/optee_os/out/arm/export-ta_arm64/lib/libutee.a(tee_user_mem.o)
 .debug_frame   0x0000000000000fb0       0xb0 /home/optee/RPi3/optee_os/out/arm/export-ta_arm64/lib/libutee.a(trace_ext.o)
 .debug_frame   0x0000000000001060       0x60 /home/optee/RPi3/optee_os/out/arm/export-ta_arm64/lib/libutee.a(assert.o)
 .debug_frame   0x00000000000010c0      0x5c0 /home/optee/RPi3/optee_os/out/arm/export-ta_arm64/lib/libutils.a(bget_malloc.o)
 .debug_frame   0x0000000000001680       0x70 /home/optee/RPi3/optee_os/out/arm/export-ta_arm64/lib/libutils.a(snprintf.o)
 .debug_frame   0x00000000000016f0       0x30 /home/optee/RPi3/optee_os/out/arm/export-ta_arm64/lib/libutils.a(memcmp.o)
 .debug_frame   0x0000000000001720       0x30 /home/optee/RPi3/optee_os/out/arm/export-ta_arm64/lib/libutils.a(memcpy.o)
 .debug_frame   0x0000000000001750       0x30 /home/optee/RPi3/optee_os/out/arm/export-ta_arm64/lib/libutils.a(memmove.o)
 .debug_frame   0x0000000000001780       0x30 /home/optee/RPi3/optee_os/out/arm/export-ta_arm64/lib/libutils.a(memset.o)
 .debug_frame   0x00000000000017b0       0x30 /home/optee/RPi3/optee_os/out/arm/export-ta_arm64/lib/libutils.a(strlen.o)
 .debug_frame   0x00000000000017e0      0x100 /home/optee/RPi3/optee_os/out/arm/export-ta_arm64/lib/libutils.a(snprintk.o)
 .debug_frame   0x00000000000018e0       0x38 /home/optee/RPi3/optee_os/out/arm/export-ta_arm64/lib/libutils.a(strlcpy.o)
 .debug_frame   0x0000000000001918       0xc0 /home/optee/RPi3/optee_os/out/arm/export-ta_arm64/lib/libutils.a(trace.o)
 .debug_frame   0x00000000000019d8       0x30 /home/optee/RPi3/optee_os/out/arm/export-ta_arm64/lib/libutils.a(memchr.o)
 .debug_frame   0x0000000000001a08      0x148 /home/optee/RPi3/optee_os/out/arm/export-ta_arm64/lib/libmpa.a(mpa_misc.o)
 .debug_frame   0x0000000000001b50       0xd8 /home/optee/RPi3/optee_os/out/arm/export-ta_arm64/lib/libmpa.a(mpa_montgomery.o)
 .debug_frame   0x0000000000001c28       0xd8 /home/optee/RPi3/optee_os/out/arm/export-ta_arm64/lib/libmpa.a(mpa_primetest.o)
 .debug_frame   0x0000000000001d00       0x90 /home/optee/RPi3/optee_os/out/arm/export-ta_arm64/lib/libmpa.a(mpa_conv.o)
 .debug_frame   0x0000000000001d90      0x118 /home/optee/RPi3/optee_os/out/arm/export-ta_arm64/lib/libmpa.a(mpa_div.o)
 .debug_frame   0x0000000000001ea8       0xf0 /home/optee/RPi3/optee_os/out/arm/export-ta_arm64/lib/libmpa.a(mpa_gcd.o)
 .debug_frame   0x0000000000001f98       0xd8 /home/optee/RPi3/optee_os/out/arm/export-ta_arm64/lib/libmpa.a(mpa_mem_static.o)
 .debug_frame   0x0000000000002070      0x108 /home/optee/RPi3/optee_os/out/arm/export-ta_arm64/lib/libmpa.a(mpa_mul.o)
 .debug_frame   0x0000000000002178       0x88 /home/optee/RPi3/optee_os/out/arm/export-ta_arm64/lib/libmpa.a(mpa_random.o)
 .debug_frame   0x0000000000002200       0xd0 /home/optee/RPi3/optee_os/out/arm/export-ta_arm64/lib/libmpa.a(mpa_shift.o)
 .debug_frame   0x00000000000022d0      0x1e8 /home/optee/RPi3/optee_os/out/arm/export-ta_arm64/lib/libmpa.a(mpa_addsub.o)
 .debug_frame   0x00000000000024b8       0xc8 /home/optee/RPi3/optee_os/out/arm/export-ta_arm64/lib/libmpa.a(mpa_cmp.o)
 .debug_frame   0x0000000000002580       0x40 /home/optee/RPi3/optee_os/out/arm/export-ta_arm64/lib/libmpa.a(mpa_expmod.o)
 .debug_frame   0x00000000000025c0       0x58 /home/optee/RPi3/optee_os/out/arm/export-ta_arm64/lib/libmpa.a(mpa_init.o)
 .debug_frame   0x0000000000002618      0x270 /home/optee/RPi3/optee_os/out/arm/export-ta_arm64/lib/libmpa.a(mpa_io.o)
 .debug_frame   0x0000000000002888       0xe0 /home/optee/RPi3/optee_os/out/arm/export-ta_arm64/lib/libmpa.a(mpa_modulus.o)
